2026-05-26 09:04:29,398:DEBUG:certbot._internal.main:certbot version: 5.3.1
2026-05-26 09:04:29,398:DEBUG:certbot._internal.main:Location of certbot entry point: /opt/certbot/bin/certbot
2026-05-26 09:04:29,398:DEBUG:certbot._internal.main:Arguments: ['--force-renewal', '--config', '/etc/letsencrypt.ini', '--work-dir', '/tmp/letsencrypt-lib', '--logs-dir', '/data/logs', '--cert-name', 'npm-38', '--preferred-challenges', 'http', '--no-random-sleep-on-renew', '--disable-hook-validation']
2026-05-26 09:04:29,398:DEBUG:certbot._internal.main:Discovered plugins: PluginsRegistry(PluginEntryPoint#manual,PluginEntryPoint#null,PluginEntryPoint#standalone,PluginEntryPoint#webroot)
2026-05-26 09:04:29,407:DEBUG:certbot._internal.log:Root logging level set at 30
2026-05-26 09:04:29,407:DEBUG:certbot._internal.display.obj:Notifying user: Processing /etc/letsencrypt/renewal/npm-38.conf
2026-05-26 09:04:29,408:DEBUG:certbot.configuration:Var pref_challs=['http-01'] (set by user).
2026-05-26 09:04:29,408:DEBUG:certbot.configuration:Var config_dir=/etc/letsencrypt (set by user).
2026-05-26 09:04:29,408:DEBUG:certbot.configuration:Var logs_dir=/data/logs (set by user).
2026-05-26 09:04:29,408:DEBUG:certbot.configuration:Var work_dir=/tmp/letsencrypt-lib (set by user).
2026-05-26 09:04:29,408:DEBUG:certbot._internal.plugins.selection:Requested authenticator None and installer None
2026-05-26 09:04:29,408:DEBUG:certbot.configuration:Var preferred_chain=ISRG Root X1 (set by user).
2026-05-26 09:04:29,408:DEBUG:certbot.configuration:Var key_type=ecdsa (set by user).
2026-05-26 09:04:29,408:DEBUG:certbot.configuration:Var elliptic_curve=secp384r1 (set by user).
2026-05-26 09:04:29,408:DEBUG:certbot.configuration:Var webroot_path=['/data/letsencrypt-acme-challenge'] (set by user).
2026-05-26 09:04:29,408:DEBUG:certbot.configuration:Var webroot_map={'webroot_path'} (set by user).
2026-05-26 09:04:29,408:DEBUG:certbot.configuration:Var webroot_path=['/data/letsencrypt-acme-challenge'] (set by user).
2026-05-26 09:04:29,414:DEBUG:certbot._internal.renewal:Auto-renewal forced with --force-renewal...
2026-05-26 09:04:29,414:DEBUG:certbot._internal.plugins.selection:Requested authenticator webroot and installer None
2026-05-26 09:04:29,414:DEBUG:certbot._internal.plugins.selection:Single candidate plugin: * webroot
Description: Saves the necessary validation files to a .well-known/acme-challenge/ directory within the nominated webroot path. A separate HTTP server must be running and serving files from the webroot path. HTTP challenge only (wildcards not supported).
Interfaces: Authenticator, Plugin
Entry point: EntryPoint(name='webroot', value='certbot._internal.plugins.webroot:Authenticator', group='certbot.plugins')
Initialized: <certbot._internal.plugins.webroot.Authenticator object at 0x72b63d767290>
Prep: True
2026-05-26 09:04:29,414:DEBUG:certbot._internal.plugins.selection:Selected authenticator <certbot._internal.plugins.webroot.Authenticator object at 0x72b63d767290> and installer None
2026-05-26 09:04:29,414:INFO:certbot._internal.plugins.selection:Plugins selected: Authenticator webroot, Installer None
2026-05-26 09:04:29,446:DEBUG:certbot._internal.main:Picked account: <Account(RegistrationResource(body=Registration(key=None, contact=(), agreement=None, status=None, terms_of_service_agreed=None, only_return_existing=None, external_account_binding=None), uri='https://acme-v02.api.letsencrypt.org/acme/acct/3181113841', new_authzr_uri=None, terms_of_service=None), cd3665f975e29569aab21f93240ec048, Meta(creation_dt=datetime.datetime(2026, 3, 26, 10, 25, 52, tzinfo=datetime.timezone.utc), creation_host='21dded82cd2c', register_to_eff=None))>
2026-05-26 09:04:29,446:DEBUG:acme.client:Sending GET request to https://acme-v02.api.letsencrypt.org/directory.
2026-05-26 09:04:29,447:DEBUG:urllib3.connectionpool:Starting new HTTPS connection (1): acme-v02.api.letsencrypt.org:443
2026-05-26 09:04:29,954:DEBUG:urllib3.connectionpool:https://acme-v02.api.letsencrypt.org:443 "GET /directory HTTP/1.1" 200 1033
2026-05-26 09:04:29,955:DEBUG:acme.client:Received response:
HTTP 200
Server: nginx
Date: Tue, 26 May 2026 09:04:29 GMT
Content-Type: application/json
Content-Length: 1033
Connection: keep-alive
Cache-Control: public, max-age=0, no-cache
X-Frame-Options: DENY
Strict-Transport-Security: max-age=604800

{
  "JRNqc846CGw": "https://community.letsencrypt.org/t/adding-random-entries-to-the-directory/33417",
  "keyChange": "https://acme-v02.api.letsencrypt.org/acme/key-change",
  "meta": {
    "caaIdentities": [
      "letsencrypt.org"
    ],
    "profiles": {
      "classic": "https://letsencrypt.org/docs/profiles#classic",
      "shortlived": "https://letsencrypt.org/docs/profiles#shortlived",
      "tlsclient": "https://letsencrypt.org/docs/profiles#tlsclient",
      "tlsserver": "https://letsencrypt.org/docs/profiles#tlsserver"
    },
    "termsOfService": "https://letsencrypt.org/documents/LE-SA-v1.6-August-18-2025.pdf",
    "website": "https://letsencrypt.org"
  },
  "newAccount": "https://acme-v02.api.letsencrypt.org/acme/new-acct",
  "newNonce": "https://acme-v02.api.letsencrypt.org/acme/new-nonce",
  "newOrder": "https://acme-v02.api.letsencrypt.org/acme/new-order",
  "renewalInfo": "https://acme-v02.api.letsencrypt.org/acme/renewal-info",
  "revokeCert": "https://acme-v02.api.letsencrypt.org/acme/revoke-cert"
}
2026-05-26 09:04:29,955:DEBUG:certbot._internal.display.obj:Notifying user: Renewing an existing certificate for s2604322.robotandi.deamon.io
2026-05-26 09:04:29,957:DEBUG:acme.client:Requesting fresh nonce
2026-05-26 09:04:29,957:DEBUG:acme.client:Sending HEAD request to https://acme-v02.api.letsencrypt.org/acme/new-nonce.
2026-05-26 09:04:30,125:DEBUG:urllib3.connectionpool:https://acme-v02.api.letsencrypt.org:443 "HEAD /acme/new-nonce HTTP/1.1" 200 0
2026-05-26 09:04:30,125:DEBUG:acme.client:Received response:
HTTP 200
Server: nginx
Date: Tue, 26 May 2026 09:04:30 GMT
Connection: keep-alive
Cache-Control: public, max-age=0, no-cache
Link: <https://acme-v02.api.letsencrypt.org/directory>;rel="index"
Replay-Nonce: YXn3IxfDPHl1lesquIqmHReQC40RS4X9uTB7bhvZ8jYcrqz3mtY
X-Frame-Options: DENY
Strict-Transport-Security: max-age=604800


2026-05-26 09:04:30,125:DEBUG:acme.client:Storing nonce: YXn3IxfDPHl1lesquIqmHReQC40RS4X9uTB7bhvZ8jYcrqz3mtY
2026-05-26 09:04:30,125:DEBUG:acme.client:JWS payload:
b'{\n  "identifiers": [\n    {\n      "type": "dns",\n      "value": "s2604322.robotandi.deamon.io"\n    }\n  ]\n}'
2026-05-26 09:04:30,126:DEBUG:acme.client:Sending POST request to https://acme-v02.api.letsencrypt.org/acme/new-order:
{
  "protected": "eyJhbGciOiAiUlMyNTYiLCAia2lkIjogImh0dHBzOi8vYWNtZS12MDIuYXBpLmxldHNlbmNyeXB0Lm9yZy9hY21lL2FjY3QvMzE4MTExMzg0MSIsICJub25jZSI6ICJZWG4zSXhmRFBIbDFsZXNxdUlxbUhSZVFDNDBSUzRYOXVUQjdiaHZaOGpZY3JxejNtdFkiLCAidXJsIjogImh0dHBzOi8vYWNtZS12MDIuYXBpLmxldHNlbmNyeXB0Lm9yZy9hY21lL25ldy1vcmRlciJ9",
  "signature": "D_IaB382BULtAiLUqNlOEAZ-H4Np1regOzoncwLBYEpzCUshlBaxzTwb6XcJyJn8KkfR19iGgZHJKIQg4LaxotsNqcKzj6lk6azHpdEhevlkMmMlMbfhMf8g-sOWjBmMudYPt1v-wq-UqJJhgny-rXQJb_pNYWEr7QSiziV3BdJ42cCQugYgfS4PYihpfezbhFVWNgvoySVu9puebJvNeFVJ8qsjbc4tuptx3GEibusD6mFyCyCOTPtUf0rhihzbRfTbbE2vHw2DGn9S7K5J7SwkXIjECsMk7FjZN4NvAx1NiBW9KzEeEjdCAt5YAk6XUWDdGJ9e9uBCGxQqL2ljqw",
  "payload": "ewogICJpZGVudGlmaWVycyI6IFsKICAgIHsKICAgICAgInR5cGUiOiAiZG5zIiwKICAgICAgInZhbHVlIjogInMyNjA0MzIyLnJvYm90YW5kaS5kZWFtb24uaW8iCiAgICB9CiAgXQp9"
}
2026-05-26 09:04:30,401:DEBUG:urllib3.connectionpool:https://acme-v02.api.letsencrypt.org:443 "POST /acme/new-order HTTP/1.1" 201 362
2026-05-26 09:04:30,401:DEBUG:acme.client:Received response:
HTTP 201
Server: nginx
Date: Tue, 26 May 2026 09:04:30 GMT
Content-Type: application/json
Content-Length: 362
Connection: keep-alive
Boulder-Requester: 3181113841
Cache-Control: public, max-age=0, no-cache
Link: <https://acme-v02.api.letsencrypt.org/directory>;rel="index"
Location: https://acme-v02.api.letsencrypt.org/acme/order/3181113841/514911151896
Replay-Nonce: I78CA660P33iXiogu-M4vzQiAt4QE0CvPMMKytucwslL8EkbPV8
X-Frame-Options: DENY
Strict-Transport-Security: max-age=604800

{
  "status": "pending",
  "expires": "2026-06-02T09:04:30Z",
  "identifiers": [
    {
      "type": "dns",
      "value": "s2604322.robotandi.deamon.io"
    }
  ],
  "authorizations": [
    "https://acme-v02.api.letsencrypt.org/acme/authz/3181113841/710899626436"
  ],
  "finalize": "https://acme-v02.api.letsencrypt.org/acme/finalize/3181113841/514911151896"
}
2026-05-26 09:04:30,401:DEBUG:acme.client:Storing nonce: I78CA660P33iXiogu-M4vzQiAt4QE0CvPMMKytucwslL8EkbPV8
2026-05-26 09:04:30,401:DEBUG:acme.client:JWS payload:
b''
2026-05-26 09:04:30,402:DEBUG:acme.client:Sending POST request to https://acme-v02.api.letsencrypt.org/acme/authz/3181113841/710899626436:
{
  "protected": "eyJhbGciOiAiUlMyNTYiLCAia2lkIjogImh0dHBzOi8vYWNtZS12MDIuYXBpLmxldHNlbmNyeXB0Lm9yZy9hY21lL2FjY3QvMzE4MTExMzg0MSIsICJub25jZSI6ICJJNzhDQTY2MFAzM2lYaW9ndS1NNHZ6UWlBdDRRRTBDdlBNTUt5dHVjd3NsTDhFa2JQVjgiLCAidXJsIjogImh0dHBzOi8vYWNtZS12MDIuYXBpLmxldHNlbmNyeXB0Lm9yZy9hY21lL2F1dGh6LzMxODExMTM4NDEvNzEwODk5NjI2NDM2In0",
  "signature": "MOJLj8YDAsOtfeIzPQwI3m4EU5ZNMtCHmi67DeCmqv1thEqJmtrUwaztNKw5R5RD6QMlqGHJZCCmnJ1ho5fNUhwYMj9mH8_uRm5xkivicfsOrvDEosvALk37yCbzUL-IzwYaY2xM46edcAjXUDLGcj4HOi9EIJu4c7xvrEGxBQtGCqsH1rRwHOcJMcOstoMcE0M-gxsCrvl7GYsl_y5L89Jau0HxW3MJvvqH8iaoQlXU4_I-sZZ_YYAAjL0SsdRXzmLuJZr3nyedz6iTgLN0Yrf7MG8bOWy_u37smNCK5v6X-eyBeklcQdiErglPtLxqffmmC9PEds4jLbjuDpwP2A",
  "payload": ""
}
2026-05-26 09:04:30,584:DEBUG:urllib3.connectionpool:https://acme-v02.api.letsencrypt.org:443 "POST /acme/authz/3181113841/710899626436 HTTP/1.1" 200 836
2026-05-26 09:04:30,584:DEBUG:acme.client:Received response:
HTTP 200
Server: nginx
Date: Tue, 26 May 2026 09:04:30 GMT
Content-Type: application/json
Content-Length: 836
Connection: keep-alive
Boulder-Requester: 3181113841
Cache-Control: public, max-age=0, no-cache
Link: <https://acme-v02.api.letsencrypt.org/directory>;rel="index"
Replay-Nonce: I78CA6602nmKj7pO0ZyVGSvAj_Wmqnbs3K8z2t9QvfadW7Hx9M8
X-Frame-Options: DENY
Strict-Transport-Security: max-age=604800

{
  "identifier": {
    "type": "dns",
    "value": "s2604322.robotandi.deamon.io"
  },
  "status": "pending",
  "expires": "2026-06-02T09:04:30Z",
  "challenges": [
    {
      "type": "http-01",
      "url": "https://acme-v02.api.letsencrypt.org/acme/chall/3181113841/710899626436/942_Fw",
      "status": "pending",
      "token": "uf_p_bWgAtyBvYBj15JbXKmHyhLpDEHS8fczWxzjMpE"
    },
    {
      "type": "dns-01",
      "url": "https://acme-v02.api.letsencrypt.org/acme/chall/3181113841/710899626436/8lOOPw",
      "status": "pending",
      "token": "uf_p_bWgAtyBvYBj15JbXKmHyhLpDEHS8fczWxzjMpE"
    },
    {
      "type": "tls-alpn-01",
      "url": "https://acme-v02.api.letsencrypt.org/acme/chall/3181113841/710899626436/3jDdBg",
      "status": "pending",
      "token": "uf_p_bWgAtyBvYBj15JbXKmHyhLpDEHS8fczWxzjMpE"
    }
  ]
}
2026-05-26 09:04:30,584:DEBUG:acme.client:Storing nonce: I78CA6602nmKj7pO0ZyVGSvAj_Wmqnbs3K8z2t9QvfadW7Hx9M8
2026-05-26 09:04:30,585:DEBUG:acme.challenges:tls-alpn-01 was not recognized, full message: {'type': 'tls-alpn-01', 'url': 'https://acme-v02.api.letsencrypt.org/acme/chall/3181113841/710899626436/3jDdBg', 'status': 'pending', 'token': 'uf_p_bWgAtyBvYBj15JbXKmHyhLpDEHS8fczWxzjMpE'}
2026-05-26 09:04:30,585:INFO:certbot._internal.auth_handler:Performing the following challenges:
2026-05-26 09:04:30,585:INFO:certbot._internal.auth_handler:http-01 challenge for Identifier(typ=IdentifierType(dns), value='s2604322.robotandi.deamon.io')
2026-05-26 09:04:30,585:INFO:certbot._internal.plugins.webroot:Using the webroot path /data/letsencrypt-acme-challenge for all unmatched domains.
2026-05-26 09:04:30,585:DEBUG:certbot._internal.plugins.webroot:Creating root challenges validation dir at /data/letsencrypt-acme-challenge/.well-known/acme-challenge
2026-05-26 09:04:30,586:DEBUG:certbot._internal.plugins.webroot:Attempting to save validation to /data/letsencrypt-acme-challenge/.well-known/acme-challenge/uf_p_bWgAtyBvYBj15JbXKmHyhLpDEHS8fczWxzjMpE
2026-05-26 09:04:30,586:DEBUG:acme.client:JWS payload:
b'{}'
2026-05-26 09:04:30,586:DEBUG:acme.client:Sending POST request to https://acme-v02.api.letsencrypt.org/acme/chall/3181113841/710899626436/942_Fw:
{
  "protected": "eyJhbGciOiAiUlMyNTYiLCAia2lkIjogImh0dHBzOi8vYWNtZS12MDIuYXBpLmxldHNlbmNyeXB0Lm9yZy9hY21lL2FjY3QvMzE4MTExMzg0MSIsICJub25jZSI6ICJJNzhDQTY2MDJubUtqN3BPMFp5VkdTdkFqX1dtcW5iczNLOHoydDlRdmZhZFc3SHg5TTgiLCAidXJsIjogImh0dHBzOi8vYWNtZS12MDIuYXBpLmxldHNlbmNyeXB0Lm9yZy9hY21lL2NoYWxsLzMxODExMTM4NDEvNzEwODk5NjI2NDM2Lzk0Ml9GdyJ9",
  "signature": "VKXsT0ZQx3vIDybhKFE4iM9gbuadebwgn7b9CvkKVBq8iH390CZCqKkRfUpsM024CZGe6QF33qceywG2guVxF_IwmAL7MwPmB3s5XFc2Len2QzJ4iqdkSwJ3snCjrflvo3NTxvIC6SLsgcIYqLj0WDhbgPEOthXB4ozke2s-7jGy83FY5BLNn3_oyShuv_6o1HAqWaF_Wgk0IYUzxLPQlkAUd7lOsB_ahIy2Wl6ZzgsPtmzpipIKOP5obeU26kw96aGUYUqhFfUOMRuxxagCXjxA954p5icIRp1hFtmZbmLqphUdVnpoIGHaga8iFQOsD4ejrHJISXMmWsopyDbSaw",
  "payload": "e30"
}
2026-05-26 09:04:30,758:DEBUG:urllib3.connectionpool:https://acme-v02.api.letsencrypt.org:443 "POST /acme/chall/3181113841/710899626436/942_Fw HTTP/1.1" 200 195
2026-05-26 09:04:30,758:DEBUG:acme.client:Received response:
HTTP 200
Server: nginx
Date: Tue, 26 May 2026 09:04:30 GMT
Content-Type: application/json
Content-Length: 195
Connection: keep-alive
Boulder-Requester: 3181113841
Cache-Control: public, max-age=0, no-cache
Link: <https://acme-v02.api.letsencrypt.org/directory>;rel="index", <https://acme-v02.api.letsencrypt.org/acme/authz/3181113841/710899626436>;rel="up"
Location: https://acme-v02.api.letsencrypt.org/acme/chall/3181113841/710899626436/942_Fw
Replay-Nonce: I78CA660ckbCtLdgjmc_4GhbE-6JNFlWGD2sW7Xb_Xk2o6yDh1c
X-Frame-Options: DENY
Strict-Transport-Security: max-age=604800

{
  "type": "http-01",
  "url": "https://acme-v02.api.letsencrypt.org/acme/chall/3181113841/710899626436/942_Fw",
  "status": "pending",
  "token": "uf_p_bWgAtyBvYBj15JbXKmHyhLpDEHS8fczWxzjMpE"
}
2026-05-26 09:04:30,758:DEBUG:acme.client:Storing nonce: I78CA660ckbCtLdgjmc_4GhbE-6JNFlWGD2sW7Xb_Xk2o6yDh1c
2026-05-26 09:04:30,758:INFO:certbot._internal.auth_handler:Waiting for verification...
2026-05-26 09:04:31,758:DEBUG:acme.client:JWS payload:
b''
2026-05-26 09:04:31,759:DEBUG:acme.client:Sending POST request to https://acme-v02.api.letsencrypt.org/acme/authz/3181113841/710899626436:
{
  "protected": "eyJhbGciOiAiUlMyNTYiLCAia2lkIjogImh0dHBzOi8vYWNtZS12MDIuYXBpLmxldHNlbmNyeXB0Lm9yZy9hY21lL2FjY3QvMzE4MTExMzg0MSIsICJub25jZSI6ICJJNzhDQTY2MGNrYkN0TGRnam1jXzRHaGJFLTZKTkZsV0dEMnNXN1hiX1hrMm82eURoMWMiLCAidXJsIjogImh0dHBzOi8vYWNtZS12MDIuYXBpLmxldHNlbmNyeXB0Lm9yZy9hY21lL2F1dGh6LzMxODExMTM4NDEvNzEwODk5NjI2NDM2In0",
  "signature": "bin0xFGVuz5mgIO4InaRzFm-J2FbaYuWpR0IG3Tn5zx8k3giMg4lu8w75sCeKbuNqr2xbQKXvn1edj6K9D0OiYfIWzBfjCd5zpiBuEbhUcYebhvgjRaxDYQ_Mia-I8ZUyw9SONGRSujeBwpLLlmjDUni37a_lt9W5KPKopk75FZ5irIVGJil0e_7DsInBQdiymj3b6BVSldGE6e0xEV_qn1dsCL0EEFqVgeuDCdR5K6iBETHCgiakbGSa_B9-Du0yPMO8r2R__pbpXFNP69x6D8OHS5f7u-SS59D4-vaoLbi6EZ1NerogL_lXRlg2--v63xVnRzMRQXegpnQVgT3KA",
  "payload": ""
}
2026-05-26 09:04:31,930:DEBUG:urllib3.connectionpool:https://acme-v02.api.letsencrypt.org:443 "POST /acme/authz/3181113841/710899626436 HTTP/1.1" 200 836
2026-05-26 09:04:31,931:DEBUG:acme.client:Received response:
HTTP 200
Server: nginx
Date: Tue, 26 May 2026 09:04:31 GMT
Content-Type: application/json
Content-Length: 836
Connection: keep-alive
Boulder-Requester: 3181113841
Cache-Control: public, max-age=0, no-cache
Link: <https://acme-v02.api.letsencrypt.org/directory>;rel="index"
Replay-Nonce: I78CA660pP2FNkqFe1sgUQhVi4T8RCuBNK-D-g4slJsK9LY_6FI
X-Frame-Options: DENY
Strict-Transport-Security: max-age=604800

{
  "identifier": {
    "type": "dns",
    "value": "s2604322.robotandi.deamon.io"
  },
  "status": "pending",
  "expires": "2026-06-02T09:04:30Z",
  "challenges": [
    {
      "type": "tls-alpn-01",
      "url": "https://acme-v02.api.letsencrypt.org/acme/chall/3181113841/710899626436/3jDdBg",
      "status": "pending",
      "token": "uf_p_bWgAtyBvYBj15JbXKmHyhLpDEHS8fczWxzjMpE"
    },
    {
      "type": "dns-01",
      "url": "https://acme-v02.api.letsencrypt.org/acme/chall/3181113841/710899626436/8lOOPw",
      "status": "pending",
      "token": "uf_p_bWgAtyBvYBj15JbXKmHyhLpDEHS8fczWxzjMpE"
    },
    {
      "type": "http-01",
      "url": "https://acme-v02.api.letsencrypt.org/acme/chall/3181113841/710899626436/942_Fw",
      "status": "pending",
      "token": "uf_p_bWgAtyBvYBj15JbXKmHyhLpDEHS8fczWxzjMpE"
    }
  ]
}
2026-05-26 09:04:31,931:DEBUG:acme.client:Storing nonce: I78CA660pP2FNkqFe1sgUQhVi4T8RCuBNK-D-g4slJsK9LY_6FI
2026-05-26 09:04:31,931:DEBUG:acme.challenges:tls-alpn-01 was not recognized, full message: {'type': 'tls-alpn-01', 'url': 'https://acme-v02.api.letsencrypt.org/acme/chall/3181113841/710899626436/3jDdBg', 'status': 'pending', 'token': 'uf_p_bWgAtyBvYBj15JbXKmHyhLpDEHS8fczWxzjMpE'}
2026-05-26 09:04:34,931:DEBUG:acme.client:JWS payload:
b''
2026-05-26 09:04:34,932:DEBUG:acme.client:Sending POST request to https://acme-v02.api.letsencrypt.org/acme/authz/3181113841/710899626436:
{
  "protected": "eyJhbGciOiAiUlMyNTYiLCAia2lkIjogImh0dHBzOi8vYWNtZS12MDIuYXBpLmxldHNlbmNyeXB0Lm9yZy9hY21lL2FjY3QvMzE4MTExMzg0MSIsICJub25jZSI6ICJJNzhDQTY2MHBQMkZOa3FGZTFzZ1VRaFZpNFQ4UkN1Qk5LLUQtZzRzbEpzSzlMWV82RkkiLCAidXJsIjogImh0dHBzOi8vYWNtZS12MDIuYXBpLmxldHNlbmNyeXB0Lm9yZy9hY21lL2F1dGh6LzMxODExMTM4NDEvNzEwODk5NjI2NDM2In0",
  "signature": "TgFOgu7iqRa1UZboFXFMtHXIWF9i0eJqLG7e4YT9bAi2_LcvUwNbDnuygexMWIM251HOe1vyEHrrp2ysyd9rLTaxtssTf_8-En8MfZeji68qxxpq-pVIGzf9kE_t0Z6mWkiNPIv0bLivxSZb92OXj2LlrdC5So6Zra-npI1QSIMplqL_G_wqzISE5VSC3U-oCVDlnQp5zo42Ih6dXwWIWKUrbkCUsrFwgmGMd_TbHIEfS10p15M1AFmfidLLmp9fKxa4yHZXJOae3PhqV0fpYF43N53jq6tpI85QEmcWnAPmrhfHyalxFhEKkC3CYNUjNgpngEjY0hVt8oXDNoPHfQ",
  "payload": ""
}
2026-05-26 09:04:35,103:DEBUG:urllib3.connectionpool:https://acme-v02.api.letsencrypt.org:443 "POST /acme/authz/3181113841/710899626436 HTTP/1.1" 200 811
2026-05-26 09:04:35,104:DEBUG:acme.client:Received response:
HTTP 200
Server: nginx
Date: Tue, 26 May 2026 09:04:35 GMT
Content-Type: application/json
Content-Length: 811
Connection: keep-alive
Boulder-Requester: 3181113841
Cache-Control: public, max-age=0, no-cache
Link: <https://acme-v02.api.letsencrypt.org/directory>;rel="index"
Replay-Nonce: YXn3IxfDuyoH92ZLq0DUj7Kvl0m1CJPQNxE9GJ3kbdqt7tMtw_M
X-Frame-Options: DENY
Strict-Transport-Security: max-age=604800

{
  "identifier": {
    "type": "dns",
    "value": "s2604322.robotandi.deamon.io"
  },
  "status": "valid",
  "expires": "2026-06-25T09:04:32Z",
  "challenges": [
    {
      "type": "http-01",
      "url": "https://acme-v02.api.letsencrypt.org/acme/chall/3181113841/710899626436/942_Fw",
      "status": "valid",
      "validated": "2026-05-26T09:04:30Z",
      "token": "uf_p_bWgAtyBvYBj15JbXKmHyhLpDEHS8fczWxzjMpE",
      "validationRecord": [
        {
          "url": "http://s2604322.robotandi.deamon.io/.well-known/acme-challenge/uf_p_bWgAtyBvYBj15JbXKmHyhLpDEHS8fczWxzjMpE",
          "hostname": "s2604322.robotandi.deamon.io",
          "port": "80",
          "addressesResolved": [
            "119.192.101.236"
          ],
          "addressUsed": "119.192.101.236"
        }
      ]
    }
  ]
}
2026-05-26 09:04:35,104:DEBUG:acme.client:Storing nonce: YXn3IxfDuyoH92ZLq0DUj7Kvl0m1CJPQNxE9GJ3kbdqt7tMtw_M
2026-05-26 09:04:35,104:DEBUG:certbot._internal.error_handler:Calling registered functions
2026-05-26 09:04:35,104:INFO:certbot._internal.auth_handler:Cleaning up challenges
2026-05-26 09:04:35,104:DEBUG:certbot._internal.plugins.webroot:Removing /data/letsencrypt-acme-challenge/.well-known/acme-challenge/uf_p_bWgAtyBvYBj15JbXKmHyhLpDEHS8fczWxzjMpE
2026-05-26 09:04:35,104:DEBUG:certbot._internal.plugins.webroot:All challenges cleaned up
2026-05-26 09:04:35,104:DEBUG:certbot._internal.client:CSR: CSR(file=None, data=b'-----BEGIN CERTIFICATE REQUEST-----\nMIIBMjCBuQIBADAAMHYwEAYHKoZIzj0CAQYFK4EEACIDYgAEajdZZU4oDQX8oy2g\niGx9zhsIhDsqc5ULDSRaxqkt3DaW7SlsLu0W1UZumH7BcGdc6H5nQFpGzl9S5X8W\nHJjbPaf5A5NzQ4IKJ/mY4E2n7o5hUWQ39/ChBci5GO+gpKAyoDowOAYJKoZIhvcN\nAQkOMSswKTAnBgNVHREEIDAeghxzMjYwNDMyMi5yb2JvdGFuZGkuZGVhbW9uLmlv\nMAoGCCqGSM49BAMCA2gAMGUCMQDN5bXaPlHaB3uUxqIES4FsnKfUrSHGwckEgvte\n2dRCkhfGygpFqbroDdc+t8IwiDgCMF9LbG62GSD6xKG8vDA8V8JGMQ29GrZ3GSgc\nHKpy5836GHvSJSy4iAzxVS8H36oC1Q==\n-----END CERTIFICATE REQUEST-----\n', form='pem')
2026-05-26 09:04:35,105:DEBUG:certbot._internal.client:Will poll for certificate issuance until 2026-05-26 09:06:05.105193
2026-05-26 09:04:35,105:DEBUG:acme.client:JWS payload:
b'{\n  "csr": "MIIBMjCBuQIBADAAMHYwEAYHKoZIzj0CAQYFK4EEACIDYgAEajdZZU4oDQX8oy2giGx9zhsIhDsqc5ULDSRaxqkt3DaW7SlsLu0W1UZumH7BcGdc6H5nQFpGzl9S5X8WHJjbPaf5A5NzQ4IKJ_mY4E2n7o5hUWQ39_ChBci5GO-gpKAyoDowOAYJKoZIhvcNAQkOMSswKTAnBgNVHREEIDAeghxzMjYwNDMyMi5yb2JvdGFuZGkuZGVhbW9uLmlvMAoGCCqGSM49BAMCA2gAMGUCMQDN5bXaPlHaB3uUxqIES4FsnKfUrSHGwckEgvte2dRCkhfGygpFqbroDdc-t8IwiDgCMF9LbG62GSD6xKG8vDA8V8JGMQ29GrZ3GSgcHKpy5836GHvSJSy4iAzxVS8H36oC1Q"\n}'
2026-05-26 09:04:35,106:DEBUG:acme.client:Sending POST request to https://acme-v02.api.letsencrypt.org/acme/finalize/3181113841/514911151896:
{
  "protected": "eyJhbGciOiAiUlMyNTYiLCAia2lkIjogImh0dHBzOi8vYWNtZS12MDIuYXBpLmxldHNlbmNyeXB0Lm9yZy9hY21lL2FjY3QvMzE4MTExMzg0MSIsICJub25jZSI6ICJZWG4zSXhmRHV5b0g5MlpMcTBEVWo3S3ZsMG0xQ0pQUU54RTlHSjNrYmRxdDd0TXR3X00iLCAidXJsIjogImh0dHBzOi8vYWNtZS12MDIuYXBpLmxldHNlbmNyeXB0Lm9yZy9hY21lL2ZpbmFsaXplLzMxODExMTM4NDEvNTE0OTExMTUxODk2In0",
  "signature": "JVu7betkuBK8AKoxS8EkmyB9-YvZD_YIDq8At_dVAaHnlLdidFqK_1gKso1hHgmdngYHcbTnB7RWhXbfCpF_yO1ZPvoQzJiaZu1yhdY1j86mxLO7vslfFHuELdSXuT39O3pPBmT1ZisI166t1hCDuUSBpsI7R2oqG2p66G2z79LBQIa55tuCppqVMaJhz4fvJYXfgLrUIL3uGrQEF2B_Jrl9_KgBUf6b-E-h_1yQyhvmYOWxSTfDB7h7w9kOHWk5dGhK7V1TTnwxaItwH7u4d_jWbOrH_Qucqx12KSwhF5Qd5U1jc78BqbnAE4KmkZLPGA8uex7KDpffWY08Ct_OnQ",
  "payload": "ewogICJjc3IiOiAiTUlJQk1qQ0J1UUlCQURBQU1IWXdFQVlIS29aSXpqMENBUVlGSzRFRUFDSURZZ0FFYWpkWlpVNG9EUVg4b3kyZ2lHeDl6aHNJaERzcWM1VUxEU1JheHFrdDNEYVc3U2xzTHUwVzFVWnVtSDdCY0dkYzZINW5RRnBHemw5UzVYOFdISmpiUGFmNUE1TnpRNElLSl9tWTRFMm43bzVoVVdRMzlfQ2hCY2k1R08tZ3BLQXlvRG93T0FZSktvWklodmNOQVFrT01Tc3dLVEFuQmdOVkhSRUVJREFlZ2h4ek1qWXdORE15TWk1eWIySnZkR0Z1WkdrdVpHVmhiVzl1TG1sdk1Bb0dDQ3FHU000OUJBTUNBMmdBTUdVQ01RRE41YlhhUGxIYUIzdVV4cUlFUzRGc25LZlVyU0hHd2NrRWd2dGUyZFJDa2hmR3lncEZxYnJvRGRjLXQ4SXdpRGdDTUY5TGJHNjJHU0Q2eEtHOHZEQThWOEpHTVEyOUdyWjNHU2djSEtweTU4MzZHSHZTSlN5NGlBenhWUzhIMzZvQzFRIgp9"
}
2026-05-26 09:04:36,166:DEBUG:urllib3.connectionpool:https://acme-v02.api.letsencrypt.org:443 "POST /acme/finalize/3181113841/514911151896 HTTP/1.1" 200 464
2026-05-26 09:04:36,166:DEBUG:acme.client:Received response:
HTTP 200
Server: nginx
Date: Tue, 26 May 2026 09:04:36 GMT
Content-Type: application/json
Content-Length: 464
Connection: keep-alive
Boulder-Requester: 3181113841
Cache-Control: public, max-age=0, no-cache
Link: <https://acme-v02.api.letsencrypt.org/directory>;rel="index"
Location: https://acme-v02.api.letsencrypt.org/acme/order/3181113841/514911151896
Replay-Nonce: YXn3IxfDoRMIGZ0AlVBVcNLCLX-fdoDfYGPMoa1d6d3v-FHZ88A
X-Frame-Options: DENY
Strict-Transport-Security: max-age=604800

{
  "status": "valid",
  "expires": "2026-06-02T09:04:30Z",
  "identifiers": [
    {
      "type": "dns",
      "value": "s2604322.robotandi.deamon.io"
    }
  ],
  "authorizations": [
    "https://acme-v02.api.letsencrypt.org/acme/authz/3181113841/710899626436"
  ],
  "finalize": "https://acme-v02.api.letsencrypt.org/acme/finalize/3181113841/514911151896",
  "certificate": "https://acme-v02.api.letsencrypt.org/acme/cert/0686696931dd36945320fb8377d2b735a955"
}
2026-05-26 09:04:36,167:DEBUG:acme.client:Storing nonce: YXn3IxfDoRMIGZ0AlVBVcNLCLX-fdoDfYGPMoa1d6d3v-FHZ88A
2026-05-26 09:04:37,167:DEBUG:acme.client:JWS payload:
b''
2026-05-26 09:04:37,168:DEBUG:acme.client:Sending POST request to https://acme-v02.api.letsencrypt.org/acme/order/3181113841/514911151896:
{
  "protected": "eyJhbGciOiAiUlMyNTYiLCAia2lkIjogImh0dHBzOi8vYWNtZS12MDIuYXBpLmxldHNlbmNyeXB0Lm9yZy9hY21lL2FjY3QvMzE4MTExMzg0MSIsICJub25jZSI6ICJZWG4zSXhmRG9STUlHWjBBbFZCVmNOTENMWC1mZG9EZllHUE1vYTFkNmQzdi1GSFo4OEEiLCAidXJsIjogImh0dHBzOi8vYWNtZS12MDIuYXBpLmxldHNlbmNyeXB0Lm9yZy9hY21lL29yZGVyLzMxODExMTM4NDEvNTE0OTExMTUxODk2In0",
  "signature": "HbRBctJu1neA_NwXlZ2k-Ti_veDwTHs5KpmKWyDuNKuX_6unr7OqVehOOA8mCUuH4QXyrqNWV5sA8_GNCrHsNj0bmn_hG69i4RxqrVcHDWZt-cBzMZhGTjZltn3Yf7BRUuFgeY37BqFr90LyBT1nfqIPDpwuOjL-GWoqGvUbn61QDY2NFF6zFYfYpED2-Gsb3_kPYkXJm7OpIRr5m-As03d_MZO6r0EHVIbQkHrx905k1q2GsxwrL2LEY5fXzGLhfkRZOyxVxP70kbHS1xkJqbf7KwPJtWMjaIgPlqpCiNVI3dBtz0t4ATcrgcBhMW-53mqyFQL3ivV4IttO0unwkQ",
  "payload": ""
}
2026-05-26 09:04:37,339:DEBUG:urllib3.connectionpool:https://acme-v02.api.letsencrypt.org:443 "POST /acme/order/3181113841/514911151896 HTTP/1.1" 200 464
2026-05-26 09:04:37,339:DEBUG:acme.client:Received response:
HTTP 200
Server: nginx
Date: Tue, 26 May 2026 09:04:37 GMT
Content-Type: application/json
Content-Length: 464
Connection: keep-alive
Cache-Control: public, max-age=0, no-cache
Link: <https://acme-v02.api.letsencrypt.org/directory>;rel="index"
Location: https://acme-v02.api.letsencrypt.org/acme/order/3181113841/514911151896
Replay-Nonce: YXn3IxfDWvoDRglubJ6mVR-hZ60Zxi8lnG7KPxH0NdLezcmo2gM
X-Frame-Options: DENY
Strict-Transport-Security: max-age=604800

{
  "status": "valid",
  "expires": "2026-06-02T09:04:30Z",
  "identifiers": [
    {
      "type": "dns",
      "value": "s2604322.robotandi.deamon.io"
    }
  ],
  "authorizations": [
    "https://acme-v02.api.letsencrypt.org/acme/authz/3181113841/710899626436"
  ],
  "finalize": "https://acme-v02.api.letsencrypt.org/acme/finalize/3181113841/514911151896",
  "certificate": "https://acme-v02.api.letsencrypt.org/acme/cert/0686696931dd36945320fb8377d2b735a955"
}
2026-05-26 09:04:37,339:DEBUG:acme.client:Storing nonce: YXn3IxfDWvoDRglubJ6mVR-hZ60Zxi8lnG7KPxH0NdLezcmo2gM
2026-05-26 09:04:37,339:DEBUG:acme.client:JWS payload:
b''
2026-05-26 09:04:37,340:DEBUG:acme.client:Sending POST request to https://acme-v02.api.letsencrypt.org/acme/cert/0686696931dd36945320fb8377d2b735a955:
{
  "protected": "eyJhbGciOiAiUlMyNTYiLCAia2lkIjogImh0dHBzOi8vYWNtZS12MDIuYXBpLmxldHNlbmNyeXB0Lm9yZy9hY21lL2FjY3QvMzE4MTExMzg0MSIsICJub25jZSI6ICJZWG4zSXhmRFd2b0RSZ2x1Yko2bVZSLWhaNjBaeGk4bG5HN0tQeEgwTmRMZXpjbW8yZ00iLCAidXJsIjogImh0dHBzOi8vYWNtZS12MDIuYXBpLmxldHNlbmNyeXB0Lm9yZy9hY21lL2NlcnQvMDY4NjY5NjkzMWRkMzY5NDUzMjBmYjgzNzdkMmI3MzVhOTU1In0",
  "signature": "ADKYNWU62QkPF7TeAn1DTnfRs7-lGRziHPDdQ_UBKxcU_Qq43qf02teGpUIe1s-kZLxUStL16u2gjTGstnkCWLMH2dX4noN8BQBXODVuWQ4k7jYs8qp754m96Xayab4Nny1NlIoOnPtP48wSEOeIFfGDjbx0NWW-IlJAI2fnJpyOr0k0uuCcs8VPuL0hssaZdfi1_T9vNXPltFnX1__ssD2gN4SF-PwPFMxNQ69vq9AmmH3RnSaXyAwkbGhU0LXhLUkeNL9fwqAxy1ptB0lEWmQT-qBfHoL9Q8-5o8M3mwWAaxs933GeM4UVWPna3Ku5BNeIuLHc28x-gqkfkVv59A",
  "payload": ""
}
2026-05-26 09:04:37,511:DEBUG:urllib3.connectionpool:https://acme-v02.api.letsencrypt.org:443 "POST /acme/cert/0686696931dd36945320fb8377d2b735a955 HTTP/1.1" 200 2926
2026-05-26 09:04:37,511:DEBUG:acme.client:Received response:
HTTP 200
Server: nginx
Date: Tue, 26 May 2026 09:04:37 GMT
Content-Type: application/pem-certificate-chain
Content-Length: 2926
Connection: keep-alive
Cache-Control: public, max-age=0, no-cache
Link: <https://acme-v02.api.letsencrypt.org/directory>;rel="index", <https://acme-v02.api.letsencrypt.org/acme/cert/0686696931dd36945320fb8377d2b735a955/1>;rel="alternate"
Replay-Nonce: YXn3IxfDd3BdB2G9ggueBbynDwCdx74l8nImSxXGl-S_yY-mBtM
X-Frame-Options: DENY
Strict-Transport-Security: max-age=604800

-----BEGIN CERTIFICATE-----
MIIDvzCCA0WgAwIBAgISBoZpaTHdNpRTIPuDd9K3NalVMAoGCCqGSM49BAMDMDIx
CzAJBgNVBAYTAlVTMRYwFAYDVQQKEw1MZXQncyBFbmNyeXB0MQswCQYDVQQDEwJF
ODAeFw0yNjA1MjYwODA2MDVaFw0yNjA4MjQwODA2MDRaMCcxJTAjBgNVBAMTHHMy
NjA0MzIyLnJvYm90YW5kaS5kZWFtb24uaW8wdjAQBgcqhkjOPQIBBgUrgQQAIgNi
AARqN1llTigNBfyjLaCIbH3OGwiEOypzlQsNJFrGqS3cNpbtKWwu7RbVRm6YfsFw
Z1zofmdAWkbOX1LlfxYcmNs9p/kDk3NDggon+ZjgTafujmFRZDf38KEFyLkY76Ck
oDKjggInMIICIzAOBgNVHQ8BAf8EBAMCB4AwEwYDVR0lBAwwCgYIKwYBBQUHAwEw
DAYDVR0TAQH/BAIwADAdBgNVHQ4EFgQUmR4rjGGoQbZ8E/KniDP850Gyo/EwHwYD
VR0jBBgwFoAUjw0TovYuftFQbDMYOF1ZjiNykcowMgYIKwYBBQUHAQEEJjAkMCIG
CCsGAQUFBzAChhZodHRwOi8vZTguaS5sZW5jci5vcmcvMCcGA1UdEQQgMB6CHHMy
NjA0MzIyLnJvYm90YW5kaS5kZWFtb24uaW8wEwYDVR0gBAwwCjAIBgZngQwBAgEw
LQYDVR0fBCYwJDAioCCgHoYcaHR0cDovL2U4LmMubGVuY3Iub3JnLzg2LmNybDCC
AQsGCisGAQQB1nkCBAIEgfwEgfkA9wB2ANdtfRDRp/V3wsfpX9cAv/mCyTNaZeHQ
swFzF8DIxWl3AAABnmOHWrwAAAQDAEcwRQIgUdC0/AKXe6Uzdd5SZ//APprNh7TL
qvtPOKw+8uyLoWMCIQChFSKOjJTiSj3XmCxygU23QF9lEzSw2nr1OatbBpOjVgB9
ABqLnWsP/r+BtHk5xtIxCobW0QLU8EbiGCyd419eJiXvAAABnmOHW3UACAAABQAX
Cb+NBAMARjBEAiAQg8xsLj4Lfjtm+bIN0RjV9ic+axZSxYqOA8G+1AaCOAIgRRUI
vqKm8PbwLz4gU1OoWKCPIIk76Gbt7IPc0WweMbIwCgYIKoZIzj0EAwMDaAAwZQIx
AJ9V7Y2nwH0Q+qNUQHIsZetq+t2gUqdcvK0lPX2PFSG0AbxypUS/YWsKx7MIID9C
PwIwWpBCtUoAaEMVhUEis6dXUkqY2WD7KsaGHXoiX+pvem6uauQrgZ+rqo3haJgh
K8Se
-----END CERTIFICATE-----

-----BEGIN CERTIFICATE-----
MIIEVjCCAj6gAwIBAgIQY5WTY8JOcIJxWRi/w9ftVjANBgkqhkiG9w0BAQsFADBP
MQswCQYDVQQGEwJVUzEpMCcGA1UEChMgSW50ZXJuZXQgU2VjdXJpdHkgUmVzZWFy
Y2ggR3JvdXAxFTATBgNVBAMTDElTUkcgUm9vdCBYMTAeFw0yNDAzMTMwMDAwMDBa
Fw0yNzAzMTIyMzU5NTlaMDIxCzAJBgNVBAYTAlVTMRYwFAYDVQQKEw1MZXQncyBF
bmNyeXB0MQswCQYDVQQDEwJFODB2MBAGByqGSM49AgEGBSuBBAAiA2IABNFl8l7c
S7QMApzSsvru6WyrOq44ofTUOTIzxULUzDMMNMchIJBwXOhiLxxxs0LXeb5GDcHb
R6EToMffgSZjO9SNHfY9gjMy9vQr5/WWOrQTZxh7az6NSNnq3u2ubT6HTKOB+DCB
9TAOBgNVHQ8BAf8EBAMCAYYwHQYDVR0lBBYwFAYIKwYBBQUHAwIGCCsGAQUFBwMB
MBIGA1UdEwEB/wQIMAYBAf8CAQAwHQYDVR0OBBYEFI8NE6L2Ln7RUGwzGDhdWY4j
cpHKMB8GA1UdIwQYMBaAFHm0WeZ7tuXkAXOACIjIGlj26ZtuMDIGCCsGAQUFBwEB
BCYwJDAiBggrBgEFBQcwAoYWaHR0cDovL3gxLmkubGVuY3Iub3JnLzATBgNVHSAE
DDAKMAgGBmeBDAECATAnBgNVHR8EIDAeMBygGqAYhhZodHRwOi8veDEuYy5sZW5j
ci5vcmcvMA0GCSqGSIb3DQEBCwUAA4ICAQBnE0hGINKsCYWi0Xx1ygxD5qihEjZ0
RI3tTZz1wuATH3ZwYPIp97kWEayanD1j0cDhIYzy4CkDo2jB8D5t0a6zZWzlr98d
AQFNh8uKJkIHdLShy+nUyeZxc5bNeMp1Lu0gSzE4McqfmNMvIpeiwWSYO9w82Ob8
otvXcO2JUYi3svHIWRm3+707DUbL51XMcY2iZdlCq4Wa9nbuk3WTU4gr6LY8MzVA
aDQG2+4U3eJ6qUF10bBnR1uuVyDYs9RhrwucRVnfuDj29CMLTsplM5f5wSV5hUpm
Uwp/vV7M4w4aGunt74koX71n4EdagCsL/Yk5+mAQU0+tue0JOfAV/R6t1k+Xk9s2
HMQFeoxppfzAVC04FdG9M+AC2JWxmFSt6BCuh3CEey3fE52Qrj9YM75rtvIjsm/1
Hl+u//Wqxnu1ZQ4jpa+VpuZiGOlWrqSP9eogdOhCGisnyewWJwRQOqK16wiGyZeR
xs/Bekw65vwSIaVkBruPiTfMOo0Zh4gVa8/qJgMbJbyrwwG97z/PRgmLKCDl8z3d
tA0Z7qq7fta0Gl24uyuB05dqI5J1LvAzKuWdIjT1tP8qCoxSE/xpix8hX2dt3h+/
jujUgFPFZ0EVZ0xSyBNRF3MboGZnYXFUxpNjTWPKpagDHJQmqrAcDmWJnMsFY3jS
u1igv3OefnWjSQ==
-----END CERTIFICATE-----

2026-05-26 09:04:37,511:DEBUG:acme.client:Storing nonce: YXn3IxfDd3BdB2G9ggueBbynDwCdx74l8nImSxXGl-S_yY-mBtM
2026-05-26 09:04:37,511:DEBUG:acme.client:JWS payload:
b''
2026-05-26 09:04:37,512:DEBUG:acme.client:Sending POST request to https://acme-v02.api.letsencrypt.org/acme/cert/0686696931dd36945320fb8377d2b735a955/1:
{
  "protected": "eyJhbGciOiAiUlMyNTYiLCAia2lkIjogImh0dHBzOi8vYWNtZS12MDIuYXBpLmxldHNlbmNyeXB0Lm9yZy9hY21lL2FjY3QvMzE4MTExMzg0MSIsICJub25jZSI6ICJZWG4zSXhmRGQzQmRCMkc5Z2d1ZUJieW5Ed0NkeDc0bDhuSW1TeFhHbC1TX3lZLW1CdE0iLCAidXJsIjogImh0dHBzOi8vYWNtZS12MDIuYXBpLmxldHNlbmNyeXB0Lm9yZy9hY21lL2NlcnQvMDY4NjY5NjkzMWRkMzY5NDUzMjBmYjgzNzdkMmI3MzVhOTU1LzEifQ",
  "signature": "KnB3v5Cg7fbjS57L3G8qr6suOStnT0VMAAxZMkMeVdxEWGOUcCK2hxKu0UZdAxjQCmh1g30ujLNP8Se2FDT1ngZqc3mNAidQBW0NdfCkTWSZryiP549e5yEQaMdZL_J64UxrAT-GT8-bHdFkOK1DuM4luc1MlEtPnAYahISiBVChkZ3Sfd-ySbu_kywtWT4dWYgz4YjNBKL7AuomAJQ1h-WncgtbiKFBPV1kd-OnNivMHyjNJi8LDud3ntRlZpDBNjigPALmC_DpGj_CQWDwKK-FS01oNRWpXamFI8B7p4SSaj4YcReK7zoGV_6pBRcpZ-HSJCRGdpvt291vHEgiYw",
  "payload": ""
}
2026-05-26 09:04:37,682:DEBUG:urllib3.connectionpool:https://acme-v02.api.letsencrypt.org:443 "POST /acme/cert/0686696931dd36945320fb8377d2b735a955/1 HTTP/1.1" 200 2361
2026-05-26 09:04:37,683:DEBUG:acme.client:Received response:
HTTP 200
Server: nginx
Date: Tue, 26 May 2026 09:04:37 GMT
Content-Type: application/pem-certificate-chain
Content-Length: 2361
Connection: keep-alive
Cache-Control: public, max-age=0, no-cache
Link: <https://acme-v02.api.letsencrypt.org/directory>;rel="index", <https://acme-v02.api.letsencrypt.org/acme/cert/0686696931dd36945320fb8377d2b735a955/0>;rel="alternate"
Replay-Nonce: I78CA660e5kotEGzoAW3d8zwk7at_fxL0mG010dWirbN6CPNmME
X-Frame-Options: DENY
Strict-Transport-Security: max-age=604800

-----BEGIN CERTIFICATE-----
MIIDvzCCA0WgAwIBAgISBoZpaTHdNpRTIPuDd9K3NalVMAoGCCqGSM49BAMDMDIx
CzAJBgNVBAYTAlVTMRYwFAYDVQQKEw1MZXQncyBFbmNyeXB0MQswCQYDVQQDEwJF
ODAeFw0yNjA1MjYwODA2MDVaFw0yNjA4MjQwODA2MDRaMCcxJTAjBgNVBAMTHHMy
NjA0MzIyLnJvYm90YW5kaS5kZWFtb24uaW8wdjAQBgcqhkjOPQIBBgUrgQQAIgNi
AARqN1llTigNBfyjLaCIbH3OGwiEOypzlQsNJFrGqS3cNpbtKWwu7RbVRm6YfsFw
Z1zofmdAWkbOX1LlfxYcmNs9p/kDk3NDggon+ZjgTafujmFRZDf38KEFyLkY76Ck
oDKjggInMIICIzAOBgNVHQ8BAf8EBAMCB4AwEwYDVR0lBAwwCgYIKwYBBQUHAwEw
DAYDVR0TAQH/BAIwADAdBgNVHQ4EFgQUmR4rjGGoQbZ8E/KniDP850Gyo/EwHwYD
VR0jBBgwFoAUjw0TovYuftFQbDMYOF1ZjiNykcowMgYIKwYBBQUHAQEEJjAkMCIG
CCsGAQUFBzAChhZodHRwOi8vZTguaS5sZW5jci5vcmcvMCcGA1UdEQQgMB6CHHMy
NjA0MzIyLnJvYm90YW5kaS5kZWFtb24uaW8wEwYDVR0gBAwwCjAIBgZngQwBAgEw
LQYDVR0fBCYwJDAioCCgHoYcaHR0cDovL2U4LmMubGVuY3Iub3JnLzg2LmNybDCC
AQsGCisGAQQB1nkCBAIEgfwEgfkA9wB2ANdtfRDRp/V3wsfpX9cAv/mCyTNaZeHQ
swFzF8DIxWl3AAABnmOHWrwAAAQDAEcwRQIgUdC0/AKXe6Uzdd5SZ//APprNh7TL
qvtPOKw+8uyLoWMCIQChFSKOjJTiSj3XmCxygU23QF9lEzSw2nr1OatbBpOjVgB9
ABqLnWsP/r+BtHk5xtIxCobW0QLU8EbiGCyd419eJiXvAAABnmOHW3UACAAABQAX
Cb+NBAMARjBEAiAQg8xsLj4Lfjtm+bIN0RjV9ic+axZSxYqOA8G+1AaCOAIgRRUI
vqKm8PbwLz4gU1OoWKCPIIk76Gbt7IPc0WweMbIwCgYIKoZIzj0EAwMDaAAwZQIx
AJ9V7Y2nwH0Q+qNUQHIsZetq+t2gUqdcvK0lPX2PFSG0AbxypUS/YWsKx7MIID9C
PwIwWpBCtUoAaEMVhUEis6dXUkqY2WD7KsaGHXoiX+pvem6uauQrgZ+rqo3haJgh
K8Se
-----END CERTIFICATE-----

-----BEGIN CERTIFICATE-----
MIICtTCCAjugAwIBAgIQfo8UX4exWTMtf9QIK4JraTAKBggqhkjOPQQDAzBPMQsw
CQYDVQQGEwJVUzEpMCcGA1UEChMgSW50ZXJuZXQgU2VjdXJpdHkgUmVzZWFyY2gg
R3JvdXAxFTATBgNVBAMTDElTUkcgUm9vdCBYMjAeFw0yNDAzMTMwMDAwMDBaFw0y
NzAzMTIyMzU5NTlaMDIxCzAJBgNVBAYTAlVTMRYwFAYDVQQKEw1MZXQncyBFbmNy
eXB0MQswCQYDVQQDEwJFODB2MBAGByqGSM49AgEGBSuBBAAiA2IABNFl8l7cS7QM
ApzSsvru6WyrOq44ofTUOTIzxULUzDMMNMchIJBwXOhiLxxxs0LXeb5GDcHbR6ET
oMffgSZjO9SNHfY9gjMy9vQr5/WWOrQTZxh7az6NSNnq3u2ubT6HTKOB+DCB9TAO
BgNVHQ8BAf8EBAMCAYYwHQYDVR0lBBYwFAYIKwYBBQUHAwIGCCsGAQUFBwMBMBIG
A1UdEwEB/wQIMAYBAf8CAQAwHQYDVR0OBBYEFI8NE6L2Ln7RUGwzGDhdWY4jcpHK
MB8GA1UdIwQYMBaAFHxClq7eS0g7+pL4nozPbYupcjeVMDIGCCsGAQUFBwEBBCYw
JDAiBggrBgEFBQcwAoYWaHR0cDovL3gyLmkubGVuY3Iub3JnLzATBgNVHSAEDDAK
MAgGBmeBDAECATAnBgNVHR8EIDAeMBygGqAYhhZodHRwOi8veDIuYy5sZW5jci5v
cmcvMAoGCCqGSM49BAMDA2gAMGUCMQClsUNJdX36GE+o2yDf7L02m3P3ElVWRLls
5ZyLYPjcNamBxRB9gZYoj24mGZtP3GkCMASZcALg6kpScomqIIjVHXRUQ500cdl4
4n7fhxwokLo/lVlO8YyHwAi7ejTHtvw9Vg==
-----END CERTIFICATE-----

2026-05-26 09:04:37,683:DEBUG:acme.client:Storing nonce: I78CA660e5kotEGzoAW3d8zwk7at_fxL0mG010dWirbN6CPNmME
2026-05-26 09:04:37,683:DEBUG:certbot._internal.storage:Writing new private key to /etc/letsencrypt/archive/npm-38/privkey2.pem.
2026-05-26 09:04:37,683:DEBUG:certbot._internal.storage:Writing certificate to /etc/letsencrypt/archive/npm-38/cert2.pem.
2026-05-26 09:04:37,683:DEBUG:certbot._internal.storage:Writing chain to /etc/letsencrypt/archive/npm-38/chain2.pem.
2026-05-26 09:04:37,684:DEBUG:certbot._internal.storage:Writing full chain to /etc/letsencrypt/archive/npm-38/fullchain2.pem.
2026-05-26 09:04:37,688:DEBUG:certbot.configuration:Var account=cd3665f975e29569aab21f93240ec048 (set by user).
2026-05-26 09:04:37,689:DEBUG:certbot.configuration:Var key_type=ecdsa (set by user).
2026-05-26 09:04:37,689:DEBUG:certbot.configuration:Var elliptic_curve=secp384r1 (set by user).
2026-05-26 09:04:37,689:DEBUG:certbot.configuration:Var preferred_chain=ISRG Root X1 (set by user).
2026-05-26 09:04:37,689:DEBUG:certbot.configuration:Var pref_challs=['http-01'] (set by user).
2026-05-26 09:04:37,689:DEBUG:certbot.configuration:Var config_dir=/etc/letsencrypt (set by user).
2026-05-26 09:04:37,689:DEBUG:certbot.configuration:Var work_dir=/tmp/letsencrypt-lib (set by user).
2026-05-26 09:04:37,689:DEBUG:certbot.configuration:Var logs_dir=/data/logs (set by user).
2026-05-26 09:04:37,689:DEBUG:certbot.configuration:Var server=https://acme-v02.api.letsencrypt.org/directory (set by user).
2026-05-26 09:04:37,689:DEBUG:certbot._internal.plugins.selection:Requested authenticator webroot and installer None
2026-05-26 09:04:37,689:DEBUG:certbot._internal.plugins.selection:Requested authenticator webroot and installer None
2026-05-26 09:04:37,689:DEBUG:certbot.configuration:Var webroot_path=['/data/letsencrypt-acme-challenge'] (set by user).
2026-05-26 09:04:37,689:DEBUG:certbot.configuration:Var webroot_map={'s2604322.robotandi.deamon.io': '/data/letsencrypt-acme-challenge'} (set by user).
2026-05-26 09:04:37,691:DEBUG:certbot._internal.plugins.selection:Requested authenticator webroot and installer None
2026-05-26 09:04:37,691:DEBUG:certbot._internal.display.obj:Notifying user: 
- - - - - - - - - - - - - - - - - - - - - - - - - - - - - - - - - - - - - - - -
2026-05-26 09:04:37,691:DEBUG:certbot._internal.display.obj:Notifying user: Congratulations, all renewals succeeded: 
2026-05-26 09:04:37,692:DEBUG:certbot._internal.display.obj:Notifying user:   /etc/letsencrypt/live/npm-38/fullchain.pem (success)
2026-05-26 09:04:37,692:DEBUG:certbot._internal.display.obj:Notifying user: - - - - - - - - - - - - - - - - - - - - - - - - - - - - - - - - - - - - - - - -
2026-05-26 09:04:37,692:DEBUG:certbot._internal.renewal:no renewal failures
