0 verbose cli /usr/bin/node /usr/bin/npm
1 info using npm@11.12.1
2 info using node@v24.15.0
3 silly config load:file:/usr/lib/node_modules/npm/npmrc
4 silly config load:file:/home/s2201403/.npmrc
5 silly config load:file:/usr/etc/npmrc
6 verbose title npm install pm2
7 verbose argv "install" "pm2" "--global"
8 verbose logfile logs-max:10 dir:/home/s2201403/.npm/_logs/2026-06-09T06_40_57_272Z-
9 verbose logfile /home/s2201403/.npm/_logs/2026-06-09T06_40_57_272Z-debug-0.log
10 silly packumentCache heap:271581184 maxSize:67895296 maxEntrySize:33947648
11 silly logfile done cleaning log files
12 silly idealTree buildDeps
13 silly fetch manifest pm2@*
14 silly packumentCache full:https://registry.npmjs.org/pm2 cache-miss
15 http fetch GET 200 https://registry.npmjs.org/npm 143ms
16 http fetch GET 200 https://registry.npmjs.org/pm2 179ms (cache miss)
17 silly packumentCache full:https://registry.npmjs.org/pm2 set size:undefined disposed:false
18 silly placeDep ROOT pm2@7.0.1 OK for:  want: *
19 silly fetch manifest @pm2/js-api@0.8.0
20 silly packumentCache full:https://registry.npmjs.org/@pm2%2fjs-api cache-miss
21 silly fetch manifest @pm2/pm2-version-check@1.0.4
22 silly packumentCache full:https://registry.npmjs.org/@pm2%2fpm2-version-check cache-miss
23 silly fetch manifest amp@0.3.1
24 silly packumentCache full:https://registry.npmjs.org/amp cache-miss
25 silly fetch manifest amp-message@0.1.2
26 silly packumentCache full:https://registry.npmjs.org/amp-message cache-miss
27 silly fetch manifest ansis@4.0.0-node10
28 silly packumentCache full:https://registry.npmjs.org/ansis cache-miss
29 silly fetch manifest async@3.2.6
30 silly packumentCache full:https://registry.npmjs.org/async cache-miss
31 silly fetch manifest @pm2/blessed@0.1.81
32 silly packumentCache full:https://registry.npmjs.org/@pm2%2fblessed cache-miss
33 silly fetch manifest chokidar@3.6.0
34 silly packumentCache full:https://registry.npmjs.org/chokidar cache-miss
35 silly fetch manifest cli-tableau@2.0.1
36 silly packumentCache full:https://registry.npmjs.org/cli-tableau cache-miss
37 silly fetch manifest commander@2.15.1
38 silly packumentCache full:https://registry.npmjs.org/commander cache-miss
39 silly fetch manifest croner@4.1.97
40 silly packumentCache full:https://registry.npmjs.org/croner cache-miss
41 silly fetch manifest dayjs@1.11.15
42 silly packumentCache full:https://registry.npmjs.org/dayjs cache-miss
43 silly fetch manifest debug@4.4.3
44 silly packumentCache full:https://registry.npmjs.org/debug cache-miss
45 silly fetch manifest eventemitter2@6.4.9
46 silly packumentCache full:https://registry.npmjs.org/eventemitter2 cache-miss
47 silly fetch manifest fast-json-patch@3.1.1
48 silly packumentCache full:https://registry.npmjs.org/fast-json-patch cache-miss
49 http fetch GET 200 https://registry.npmjs.org/amp 183ms (cache miss)
50 silly packumentCache full:https://registry.npmjs.org/amp set size:undefined disposed:false
51 silly fetch manifest pidusage@4.0.1
52 silly packumentCache full:https://registry.npmjs.org/pidusage cache-miss
53 http fetch GET 200 https://registry.npmjs.org/@pm2%2fjs-api 296ms (cache miss)
54 silly packumentCache full:https://registry.npmjs.org/@pm2%2fjs-api set size:undefined disposed:false
55 silly fetch manifest pm2-deploy@1.0.2
56 silly packumentCache full:https://registry.npmjs.org/pm2-deploy cache-miss
57 http fetch GET 200 https://registry.npmjs.org/amp-message 373ms (cache miss)
58 silly packumentCache full:https://registry.npmjs.org/amp-message set size:undefined disposed:false
59 silly fetch manifest proxy-agent@6.5.0
60 silly packumentCache full:https://registry.npmjs.org/proxy-agent cache-miss
61 http fetch GET 200 https://registry.npmjs.org/@pm2%2fpm2-version-check 374ms (cache miss)
62 silly packumentCache full:https://registry.npmjs.org/@pm2%2fpm2-version-check set size:undefined disposed:false
63 silly fetch manifest semver@7.7.2
64 silly packumentCache full:https://registry.npmjs.org/semver cache-miss
65 http fetch GET 200 https://registry.npmjs.org/cli-tableau 309ms (cache miss)
66 silly packumentCache full:https://registry.npmjs.org/cli-tableau set size:undefined disposed:false
67 silly fetch manifest vizion@2.2.1
68 silly packumentCache full:https://registry.npmjs.org/vizion cache-miss
69 http fetch GET 200 https://registry.npmjs.org/pidusage 197ms (cache miss)
70 silly packumentCache full:https://registry.npmjs.org/pidusage set size:undefined disposed:false
71 silly fetch manifest ws@8.20.0
72 silly packumentCache full:https://registry.npmjs.org/ws cache-miss
73 http fetch GET 200 https://registry.npmjs.org/chokidar 318ms (cache miss)
74 silly packumentCache full:https://registry.npmjs.org/chokidar set size:undefined disposed:false
75 silly fetch manifest js-yaml@4.1.1
76 silly packumentCache full:https://registry.npmjs.org/js-yaml cache-miss
77 http fetch GET 200 https://registry.npmjs.org/@pm2%2fblessed 389ms (cache miss)
78 silly packumentCache full:https://registry.npmjs.org/@pm2%2fblessed set size:undefined disposed:false
79 silly fetch manifest pm2-sysmonit@^1.2.8
80 silly packumentCache full:https://registry.npmjs.org/pm2-sysmonit cache-miss
81 http fetch GET 200 https://registry.npmjs.org/fast-json-patch 325ms (cache miss)
82 silly packumentCache full:https://registry.npmjs.org/fast-json-patch set size:undefined disposed:false
83 http fetch GET 200 https://registry.npmjs.org/eventemitter2 409ms (cache miss)
84 silly packumentCache full:https://registry.npmjs.org/eventemitter2 set size:undefined disposed:false
85 http fetch GET 200 https://registry.npmjs.org/debug 498ms (cache miss)
86 silly packumentCache full:https://registry.npmjs.org/debug set size:undefined disposed:false
87 http fetch GET 200 https://registry.npmjs.org/async 567ms (cache miss)
88 silly packumentCache full:https://registry.npmjs.org/async set size:undefined disposed:false
89 http fetch GET 200 https://registry.npmjs.org/pm2-deploy 277ms (cache miss)
90 silly packumentCache full:https://registry.npmjs.org/pm2-deploy set size:undefined disposed:false
91 http fetch GET 200 https://registry.npmjs.org/ansis 575ms (cache miss)
92 silly packumentCache full:https://registry.npmjs.org/ansis set size:undefined disposed:false
93 http fetch GET 200 https://registry.npmjs.org/pm2-sysmonit 190ms (cache miss)
94 silly packumentCache full:https://registry.npmjs.org/pm2-sysmonit set size:undefined disposed:false
95 http fetch GET 200 https://registry.npmjs.org/commander 515ms (cache miss)
96 silly packumentCache full:https://registry.npmjs.org/commander set size:undefined disposed:false
97 http fetch GET 200 https://registry.npmjs.org/vizion 209ms (cache miss)
98 silly packumentCache full:https://registry.npmjs.org/vizion set size:undefined disposed:false
99 http fetch GET 200 https://registry.npmjs.org/js-yaml 200ms (cache miss)
100 silly packumentCache full:https://registry.npmjs.org/js-yaml set size:undefined disposed:false
101 http fetch GET 200 https://registry.npmjs.org/proxy-agent 214ms (cache miss)
102 silly packumentCache full:https://registry.npmjs.org/proxy-agent set size:undefined disposed:false
103 http fetch GET 200 https://registry.npmjs.org/dayjs 523ms (cache miss)
104 silly packumentCache full:https://registry.npmjs.org/dayjs set size:undefined disposed:false
105 http fetch GET 200 https://registry.npmjs.org/ws 287ms (cache miss)
106 silly packumentCache full:https://registry.npmjs.org/ws set size:undefined disposed:false
107 http fetch GET 200 https://registry.npmjs.org/croner 609ms (cache miss)
108 silly packumentCache full:https://registry.npmjs.org/croner set size:undefined disposed:false
109 http fetch GET 200 https://registry.npmjs.org/semver 395ms (cache miss)
110 silly packumentCache full:https://registry.npmjs.org/semver set size:undefined disposed:false
111 silly fetch manifest bufferutil@^4.0.1
112 silly packumentCache full:https://registry.npmjs.org/bufferutil cache-miss
113 http fetch GET 200 https://registry.npmjs.org/bufferutil 93ms (cache miss)
114 silly packumentCache full:https://registry.npmjs.org/bufferutil set size:undefined disposed:false
115 silly fetch manifest utf-8-validate@>=5.0.2
116 silly packumentCache full:https://registry.npmjs.org/utf-8-validate cache-miss
117 http fetch GET 200 https://registry.npmjs.org/utf-8-validate 26ms (cache miss)
118 silly packumentCache full:https://registry.npmjs.org/utf-8-validate set size:undefined disposed:false
119 silly placeDep node_modules/pm2 @pm2/blessed@0.1.81 OK for: pm2@7.0.1 want: 0.1.81
120 silly placeDep node_modules/pm2 @pm2/js-api@0.8.0 OK for: pm2@7.0.1 want: 0.8.0
121 silly placeDep node_modules/pm2 @pm2/pm2-version-check@1.0.4 OK for: pm2@7.0.1 want: 1.0.4
122 silly placeDep node_modules/pm2 amp@0.3.1 OK for: pm2@7.0.1 want: 0.3.1
123 silly placeDep node_modules/pm2 amp-message@0.1.2 OK for: pm2@7.0.1 want: 0.1.2
124 silly placeDep node_modules/pm2 ansis@4.0.0-node10 OK for: pm2@7.0.1 want: 4.0.0-node10
125 silly placeDep node_modules/pm2 async@3.2.6 OK for: pm2@7.0.1 want: 3.2.6
126 silly placeDep node_modules/pm2 chokidar@3.6.0 OK for: pm2@7.0.1 want: 3.6.0
127 silly placeDep node_modules/pm2 cli-tableau@2.0.1 OK for: pm2@7.0.1 want: 2.0.1
128 silly placeDep node_modules/pm2 commander@2.15.1 OK for: pm2@7.0.1 want: 2.15.1
129 silly placeDep node_modules/pm2 croner@4.1.97 OK for: pm2@7.0.1 want: 4.1.97
130 silly placeDep node_modules/pm2 dayjs@1.11.15 OK for: pm2@7.0.1 want: 1.11.15
131 silly placeDep node_modules/pm2 debug@4.4.3 OK for: pm2@7.0.1 want: 4.4.3
132 silly placeDep node_modules/pm2 eventemitter2@6.4.9 OK for: pm2@7.0.1 want: 6.4.9
133 silly placeDep node_modules/pm2 fast-json-patch@3.1.1 OK for: pm2@7.0.1 want: 3.1.1
134 silly placeDep node_modules/pm2 js-yaml@4.1.1 OK for: pm2@7.0.1 want: 4.1.1
135 silly placeDep node_modules/pm2 pidusage@4.0.1 OK for: pm2@7.0.1 want: 4.0.1
136 silly placeDep node_modules/pm2 pm2-deploy@1.0.2 OK for: pm2@7.0.1 want: 1.0.2
137 silly placeDep node_modules/pm2 pm2-sysmonit@1.2.8 OK for: pm2@7.0.1 want: ^1.2.8
138 silly placeDep node_modules/pm2 proxy-agent@6.5.0 OK for: pm2@7.0.1 want: 6.5.0
139 silly placeDep node_modules/pm2 semver@7.7.2 OK for: pm2@7.0.1 want: 7.7.2
140 silly placeDep node_modules/pm2 vizion@2.2.1 OK for: pm2@7.0.1 want: 2.2.1
141 silly placeDep node_modules/pm2 ws@8.20.0 OK for: pm2@7.0.1 want: 8.20.0
142 silly fetch manifest async@^2.6.3
143 silly packumentCache full:https://registry.npmjs.org/async cache-miss
144 silly fetch manifest extrareqp2@^1.0.0
145 silly packumentCache full:https://registry.npmjs.org/extrareqp2 cache-miss
146 silly fetch manifest debug@~4.3.1
147 silly packumentCache full:https://registry.npmjs.org/debug cache-miss
148 silly fetch manifest eventemitter2@^6.3.1
149 silly packumentCache full:https://registry.npmjs.org/eventemitter2 cache-miss
150 silly fetch manifest ws@^7.0.0
151 silly packumentCache full:https://registry.npmjs.org/ws cache-miss
152 silly fetch manifest debug@^4.3.1
153 silly packumentCache full:https://registry.npmjs.org/debug cache-miss
154 silly fetch manifest braces@~3.0.2
155 silly packumentCache full:https://registry.npmjs.org/braces cache-miss
156 silly fetch manifest is-glob@~4.0.1
157 silly packumentCache full:https://registry.npmjs.org/is-glob cache-miss
158 silly fetch manifest anymatch@~3.1.2
159 silly packumentCache full:https://registry.npmjs.org/anymatch cache-miss
160 silly fetch manifest readdirp@~3.6.0
161 silly packumentCache full:https://registry.npmjs.org/readdirp cache-miss
162 silly fetch manifest glob-parent@~5.1.2
163 silly packumentCache full:https://registry.npmjs.org/glob-parent cache-miss
164 silly fetch manifest is-binary-path@~2.1.0
165 silly packumentCache full:https://registry.npmjs.org/is-binary-path cache-miss
166 silly fetch manifest normalize-path@~3.0.0
167 silly packumentCache full:https://registry.npmjs.org/normalize-path cache-miss
168 silly fetch manifest fsevents@~2.3.2
169 silly packumentCache full:https://registry.npmjs.org/fsevents cache-miss
170 silly fetch manifest chalk@3.0.0
171 silly packumentCache full:https://registry.npmjs.org/chalk cache-miss
172 http cache https://registry.npmjs.org/async 101ms (cache hit)
173 silly packumentCache full:https://registry.npmjs.org/async set size:230496 disposed:false
174 silly fetch manifest ms@^2.1.3
175 silly packumentCache full:https://registry.npmjs.org/ms cache-miss
176 http cache https://registry.npmjs.org/eventemitter2 188ms (cache hit)
177 silly packumentCache full:https://registry.npmjs.org/eventemitter2 set size:172525 disposed:false
178 silly fetch manifest argparse@^2.0.1
179 silly packumentCache full:https://registry.npmjs.org/argparse cache-miss
180 http cache https://registry.npmjs.org/ws 206ms (cache hit)
181 silly packumentCache full:https://registry.npmjs.org/ws set size:427091 disposed:false
182 silly fetch manifest safe-buffer@^5.2.1
183 silly packumentCache full:https://registry.npmjs.org/safe-buffer cache-miss
184 http cache https://registry.npmjs.org/debug 292ms (cache hit)
185 silly packumentCache full:https://registry.npmjs.org/debug set size:195840 disposed:false
186 silly fetch manifest tv4@^1.3.0
187 silly packumentCache full:https://registry.npmjs.org/tv4 cache-miss
188 http cache https://registry.npmjs.org/debug 297ms (cache hit)
189 silly packumentCache full:https://registry.npmjs.org/debug set size:195840 disposed:false
190 silly packumentCache full:https://registry.npmjs.org/debug dispose
191 silly fetch manifest run-series@^1.1.8
192 silly packumentCache full:https://registry.npmjs.org/run-series cache-miss
193 http fetch GET 200 https://registry.npmjs.org/is-binary-path 497ms (cache miss)
194 silly packumentCache full:https://registry.npmjs.org/is-binary-path set size:undefined disposed:false
195 silly fetch manifest pidusage@^2.0.21
196 silly packumentCache full:https://registry.npmjs.org/pidusage cache-miss
197 http fetch GET 200 https://registry.npmjs.org/is-glob 501ms (cache miss)
198 silly packumentCache full:https://registry.npmjs.org/is-glob set size:undefined disposed:false
199 silly fetch manifest systeminformation@^5.7
200 silly packumentCache full:https://registry.npmjs.org/systeminformation cache-miss
201 http fetch GET 200 https://registry.npmjs.org/anymatch 501ms (cache miss)
202 silly packumentCache full:https://registry.npmjs.org/anymatch set size:undefined disposed:false
203 silly fetch manifest tx2@~1.0.4
204 silly packumentCache full:https://registry.npmjs.org/tx2 cache-miss
205 http fetch GET 200 https://registry.npmjs.org/glob-parent 585ms (cache miss)
206 silly packumentCache full:https://registry.npmjs.org/glob-parent set size:undefined disposed:false
207 silly fetch manifest lru-cache@^7.14.1
208 silly packumentCache full:https://registry.npmjs.org/lru-cache cache-miss
209 http fetch GET 200 https://registry.npmjs.org/ms 404ms (cache miss)
210 silly packumentCache full:https://registry.npmjs.org/ms set size:undefined disposed:false
211 silly fetch manifest agent-base@^7.1.2
212 silly packumentCache full:https://registry.npmjs.org/agent-base cache-miss
213 http fetch GET 200 https://registry.npmjs.org/normalize-path 590ms (cache miss)
214 silly packumentCache full:https://registry.npmjs.org/normalize-path set size:undefined disposed:false
215 silly fetch manifest proxy-from-env@^1.1.0
216 silly packumentCache full:https://registry.npmjs.org/proxy-from-env cache-miss
217 http fetch GET 200 https://registry.npmjs.org/extrareqp2 596ms (cache miss)
218 silly packumentCache full:https://registry.npmjs.org/extrareqp2 set size:undefined disposed:false
219 silly fetch manifest pac-proxy-agent@^7.1.0
220 silly packumentCache full:https://registry.npmjs.org/pac-proxy-agent cache-miss
221 http fetch GET 200 https://registry.npmjs.org/argparse 407ms (cache miss)
222 silly packumentCache full:https://registry.npmjs.org/argparse set size:undefined disposed:false
223 silly fetch manifest http-proxy-agent@^7.0.1
224 silly packumentCache full:https://registry.npmjs.org/http-proxy-agent cache-miss
225 http fetch GET 200 https://registry.npmjs.org/readdirp 598ms (cache miss)
226 silly packumentCache full:https://registry.npmjs.org/readdirp set size:undefined disposed:false
227 silly fetch manifest https-proxy-agent@^7.0.6
228 silly packumentCache full:https://registry.npmjs.org/https-proxy-agent cache-miss
229 http fetch GET 200 https://registry.npmjs.org/safe-buffer 311ms (cache miss)
230 silly packumentCache full:https://registry.npmjs.org/safe-buffer set size:undefined disposed:false
231 silly fetch manifest socks-proxy-agent@^8.0.5
232 silly packumentCache full:https://registry.npmjs.org/socks-proxy-agent cache-miss
233 http fetch GET 200 https://registry.npmjs.org/chalk 600ms (cache miss)
234 silly packumentCache full:https://registry.npmjs.org/chalk set size:undefined disposed:false
235 silly fetch manifest ini@^1.3.5
236 silly packumentCache full:https://registry.npmjs.org/ini cache-miss
237 http fetch GET 200 https://registry.npmjs.org/run-series 389ms (cache miss)
238 silly packumentCache full:https://registry.npmjs.org/run-series set size:undefined disposed:false
239 silly fetch manifest js-git@^0.7.8
240 silly packumentCache full:https://registry.npmjs.org/js-git cache-miss
241 http fetch GET 200 https://registry.npmjs.org/braces 697ms (cache miss)
242 silly packumentCache full:https://registry.npmjs.org/braces set size:undefined disposed:false
243 silly fetch manifest git-node-fs@^1.0.0
244 silly packumentCache full:https://registry.npmjs.org/git-node-fs cache-miss
245 http fetch GET 200 https://registry.npmjs.org/tv4 406ms (cache miss)
246 silly packumentCache full:https://registry.npmjs.org/tv4 set size:undefined disposed:false
247 http cache https://registry.npmjs.org/pidusage 289ms (cache hit)
248 silly packumentCache full:https://registry.npmjs.org/pidusage set size:110982 disposed:false
249 http fetch GET 200 https://registry.npmjs.org/fsevents 790ms (cache miss)
250 silly packumentCache full:https://registry.npmjs.org/fsevents set size:undefined disposed:false
251 http fetch GET 200 https://registry.npmjs.org/tx2 294ms (cache miss)
252 silly packumentCache full:https://registry.npmjs.org/tx2 set size:undefined disposed:false
253 http fetch GET 200 https://registry.npmjs.org/proxy-from-env 206ms (cache miss)
254 silly packumentCache full:https://registry.npmjs.org/proxy-from-env set size:undefined disposed:false
255 http fetch GET 200 https://registry.npmjs.org/agent-base 209ms (cache miss)
256 silly packumentCache full:https://registry.npmjs.org/agent-base set size:undefined disposed:false
257 http fetch GET 200 https://registry.npmjs.org/http-proxy-agent 204ms (cache miss)
258 silly packumentCache full:https://registry.npmjs.org/http-proxy-agent set size:undefined disposed:false
259 http fetch GET 200 https://registry.npmjs.org/pac-proxy-agent 291ms (cache miss)
260 silly packumentCache full:https://registry.npmjs.org/pac-proxy-agent set size:undefined disposed:false
261 http fetch GET 200 https://registry.npmjs.org/https-proxy-agent 287ms (cache miss)
262 silly packumentCache full:https://registry.npmjs.org/https-proxy-agent set size:undefined disposed:false
263 http fetch GET 200 https://registry.npmjs.org/git-node-fs 193ms (cache miss)
264 silly packumentCache full:https://registry.npmjs.org/git-node-fs set size:undefined disposed:false
265 http fetch GET 200 https://registry.npmjs.org/ini 289ms (cache miss)
266 silly packumentCache full:https://registry.npmjs.org/ini set size:undefined disposed:false
267 http fetch GET 200 https://registry.npmjs.org/socks-proxy-agent 292ms (cache miss)
268 silly packumentCache full:https://registry.npmjs.org/socks-proxy-agent set size:undefined disposed:false
269 http fetch GET 200 https://registry.npmjs.org/js-git 300ms (cache miss)
270 silly packumentCache full:https://registry.npmjs.org/js-git set size:undefined disposed:false
271 http fetch GET 200 https://registry.npmjs.org/lru-cache 404ms (cache miss)
272 silly packumentCache full:https://registry.npmjs.org/lru-cache set size:undefined disposed:false
273 http fetch GET 200 https://registry.npmjs.org/systeminformation 589ms (cache miss)
274 silly packumentCache full:https://registry.npmjs.org/systeminformation set size:undefined disposed:false
275 silly fetch manifest utf-8-validate@^5.0.2
276 silly packumentCache full:https://registry.npmjs.org/utf-8-validate cache-miss
277 http cache https://registry.npmjs.org/utf-8-validate 2ms (cache hit)
278 silly packumentCache full:https://registry.npmjs.org/utf-8-validate set size:77148 disposed:false
279 silly placeDep node_modules/pm2/node_modules/@pm2/js-api async@2.6.4 OK for: @pm2/js-api@0.8.0 want: ^2.6.3
280 silly placeDep node_modules/pm2/node_modules/@pm2/js-api debug@4.3.7 OK for: @pm2/js-api@0.8.0 want: ~4.3.1
281 silly placeDep node_modules/pm2 extrareqp2@1.0.0 OK for: @pm2/js-api@0.8.0 want: ^1.0.0
282 silly placeDep node_modules/pm2/node_modules/@pm2/js-api ws@7.5.11 OK for: @pm2/js-api@0.8.0 want: ^7.0.0
283 silly fetch manifest lodash@^4.17.14
284 silly packumentCache full:https://registry.npmjs.org/lodash cache-miss
285 silly fetch manifest follow-redirects@^1.14.0
286 silly packumentCache full:https://registry.npmjs.org/follow-redirects cache-miss
287 http fetch GET 200 https://registry.npmjs.org/lodash 27ms (cache miss)
288 silly packumentCache full:https://registry.npmjs.org/lodash set size:undefined disposed:false
289 http fetch GET 200 https://registry.npmjs.org/follow-redirects 199ms (cache miss)
290 silly packumentCache full:https://registry.npmjs.org/follow-redirects set size:undefined disposed:false
291 silly placeDep node_modules/pm2 anymatch@3.1.3 OK for: chokidar@3.6.0 want: ~3.1.2
292 silly placeDep node_modules/pm2 braces@3.0.3 OK for: chokidar@3.6.0 want: ~3.0.2
293 silly placeDep node_modules/pm2 fsevents@2.3.3 OK for: chokidar@3.6.0 want: ~2.3.2
294 silly placeDep node_modules/pm2 glob-parent@5.1.2 OK for: chokidar@3.6.0 want: ~5.1.2
295 silly placeDep node_modules/pm2 is-binary-path@2.1.0 OK for: chokidar@3.6.0 want: ~2.1.0
296 silly placeDep node_modules/pm2 is-glob@4.0.3 OK for: chokidar@3.6.0 want: ~4.0.1
297 silly placeDep node_modules/pm2 normalize-path@3.0.0 OK for: chokidar@3.6.0 want: ~3.0.0
298 silly placeDep node_modules/pm2 readdirp@3.6.0 OK for: chokidar@3.6.0 want: ~3.6.0
299 silly fetch manifest picomatch@^2.0.4
300 silly packumentCache full:https://registry.npmjs.org/picomatch cache-miss
301 silly fetch manifest normalize-path@^3.0.0
302 silly packumentCache full:https://registry.npmjs.org/normalize-path cache-miss
303 silly fetch manifest fill-range@^7.1.1
304 silly packumentCache full:https://registry.npmjs.org/fill-range cache-miss
305 silly fetch manifest is-glob@^4.0.1
306 silly packumentCache full:https://registry.npmjs.org/is-glob cache-miss
307 silly fetch manifest binary-extensions@^2.0.0
308 silly packumentCache full:https://registry.npmjs.org/binary-extensions cache-miss
309 silly fetch manifest is-extglob@^2.1.1
310 silly packumentCache full:https://registry.npmjs.org/is-extglob cache-miss
311 silly fetch manifest picomatch@^2.2.1
312 silly packumentCache full:https://registry.npmjs.org/picomatch cache-miss
313 http cache https://registry.npmjs.org/normalize-path 77ms (cache hit)
314 silly packumentCache full:https://registry.npmjs.org/normalize-path set size:28713 disposed:false
315 http cache https://registry.npmjs.org/is-glob 78ms (cache hit)
316 silly packumentCache full:https://registry.npmjs.org/is-glob set size:40530 disposed:false
317 http fetch GET 200 https://registry.npmjs.org/is-extglob 84ms (cache miss)
318 silly packumentCache full:https://registry.npmjs.org/is-extglob set size:undefined disposed:false
319 http fetch GET 200 https://registry.npmjs.org/binary-extensions 86ms (cache miss)
320 silly packumentCache full:https://registry.npmjs.org/binary-extensions set size:undefined disposed:false
321 http fetch GET 200 https://registry.npmjs.org/fill-range 86ms (cache miss)
322 silly packumentCache full:https://registry.npmjs.org/fill-range set size:undefined disposed:false
323 http fetch GET 200 https://registry.npmjs.org/picomatch 87ms (cache miss)
324 silly packumentCache full:https://registry.npmjs.org/picomatch set size:undefined disposed:false
325 http fetch GET 200 https://registry.npmjs.org/picomatch 88ms (cache miss)
326 silly packumentCache full:https://registry.npmjs.org/picomatch set size:undefined disposed:false
327 silly placeDep node_modules/pm2 picomatch@2.3.2 OK for: anymatch@3.1.3 want: ^2.0.4
328 silly placeDep node_modules/pm2 fill-range@7.1.1 OK for: braces@3.0.3 want: ^7.1.1
329 silly fetch manifest to-regex-range@^5.0.1
330 silly packumentCache full:https://registry.npmjs.org/to-regex-range cache-miss
331 http fetch GET 200 https://registry.npmjs.org/to-regex-range 86ms (cache miss)
332 silly packumentCache full:https://registry.npmjs.org/to-regex-range set size:undefined disposed:false
333 silly placeDep node_modules/pm2 chalk@3.0.0 OK for: cli-tableau@2.0.1 want: 3.0.0
334 silly fetch manifest ansi-styles@^4.1.0
335 silly packumentCache full:https://registry.npmjs.org/ansi-styles cache-miss
336 silly fetch manifest supports-color@^7.1.0
337 silly packumentCache full:https://registry.npmjs.org/supports-color cache-miss
338 http fetch GET 200 https://registry.npmjs.org/ansi-styles 97ms (cache miss)
339 silly packumentCache full:https://registry.npmjs.org/ansi-styles set size:undefined disposed:false
340 http fetch GET 200 https://registry.npmjs.org/supports-color 98ms (cache miss)
341 silly packumentCache full:https://registry.npmjs.org/supports-color set size:undefined disposed:false
342 silly placeDep node_modules/pm2 ansi-styles@4.3.0 OK for: chalk@3.0.0 want: ^4.1.0
343 silly placeDep node_modules/pm2 supports-color@7.2.0 OK for: chalk@3.0.0 want: ^7.1.0
344 silly fetch manifest color-convert@^2.0.1
345 silly packumentCache full:https://registry.npmjs.org/color-convert cache-miss
346 silly fetch manifest has-flag@^4.0.0
347 silly packumentCache full:https://registry.npmjs.org/has-flag cache-miss
348 http fetch GET 200 https://registry.npmjs.org/color-convert 21ms (cache miss)
349 silly packumentCache full:https://registry.npmjs.org/color-convert set size:undefined disposed:false
350 http fetch GET 200 https://registry.npmjs.org/has-flag 24ms (cache miss)
351 silly packumentCache full:https://registry.npmjs.org/has-flag set size:undefined disposed:false
352 silly placeDep node_modules/pm2 color-convert@2.0.1 OK for: ansi-styles@4.3.0 want: ^2.0.1
353 silly fetch manifest color-name@~1.1.4
354 silly packumentCache full:https://registry.npmjs.org/color-name cache-miss
355 http fetch GET 200 https://registry.npmjs.org/color-name 24ms (cache miss)
356 silly packumentCache full:https://registry.npmjs.org/color-name set size:undefined disposed:false
357 silly placeDep node_modules/pm2 color-name@1.1.4 OK for: color-convert@2.0.1 want: ~1.1.4
358 silly placeDep node_modules/pm2 ms@2.1.3 OK for: debug@4.4.3 want: ^2.1.3
359 silly placeDep node_modules/pm2 follow-redirects@1.16.0 OK for: extrareqp2@1.0.0 want: ^1.14.0
360 silly placeDep node_modules/pm2 to-regex-range@5.0.1 OK for: fill-range@7.1.1 want: ^5.0.1
361 silly fetch manifest is-number@^7.0.0
362 silly packumentCache full:https://registry.npmjs.org/is-number cache-miss
363 http fetch GET 200 https://registry.npmjs.org/is-number 22ms (cache miss)
364 silly packumentCache full:https://registry.npmjs.org/is-number set size:undefined disposed:false
365 silly placeDep node_modules/pm2 binary-extensions@2.3.0 OK for: is-binary-path@2.1.0 want: ^2.0.0
366 silly placeDep node_modules/pm2 is-extglob@2.1.1 OK for: is-glob@4.0.3 want: ^2.1.1
367 silly placeDep node_modules/pm2 argparse@2.0.1 OK for: js-yaml@4.1.1 want: ^2.0.1
368 silly placeDep node_modules/pm2 safe-buffer@5.2.1 OK for: pidusage@4.0.1 want: ^5.2.1
369 silly placeDep node_modules/pm2 run-series@1.1.9 OK for: pm2-deploy@1.0.2 want: ^1.1.8
370 silly placeDep node_modules/pm2 tv4@1.3.0 OK for: pm2-deploy@1.0.2 want: ^1.3.0
371 silly placeDep node_modules/pm2/node_modules/pm2-sysmonit pidusage@2.0.21 OK for: pm2-sysmonit@1.2.8 want: ^2.0.21
372 silly placeDep node_modules/pm2 systeminformation@5.31.7 OK for: pm2-sysmonit@1.2.8 want: ^5.7
373 silly placeDep node_modules/pm2 tx2@1.0.5 OK for: pm2-sysmonit@1.2.8 want: ~1.0.4
374 silly fetch manifest json-stringify-safe@^5.0.1
375 silly packumentCache full:https://registry.npmjs.org/json-stringify-safe cache-miss
376 http fetch GET 200 https://registry.npmjs.org/json-stringify-safe 20ms (cache miss)
377 silly packumentCache full:https://registry.npmjs.org/json-stringify-safe set size:undefined disposed:false
378 silly placeDep node_modules/pm2 agent-base@7.1.4 OK for: proxy-agent@6.5.0 want: ^7.1.2
379 silly placeDep node_modules/pm2 http-proxy-agent@7.0.2 OK for: proxy-agent@6.5.0 want: ^7.0.1
380 silly placeDep node_modules/pm2 https-proxy-agent@7.0.6 OK for: proxy-agent@6.5.0 want: ^7.0.6
381 silly placeDep node_modules/pm2 lru-cache@7.18.3 OK for: proxy-agent@6.5.0 want: ^7.14.1
382 silly placeDep node_modules/pm2 pac-proxy-agent@7.2.0 OK for: proxy-agent@6.5.0 want: ^7.1.0
383 silly placeDep node_modules/pm2 proxy-from-env@1.1.0 OK for: proxy-agent@6.5.0 want: ^1.1.0
384 silly placeDep node_modules/pm2 socks-proxy-agent@8.0.5 OK for: proxy-agent@6.5.0 want: ^8.0.5
385 silly fetch manifest get-uri@^6.0.1
386 silly packumentCache full:https://registry.npmjs.org/get-uri cache-miss
387 silly fetch manifest pac-resolver@^7.0.1
388 silly packumentCache full:https://registry.npmjs.org/pac-resolver cache-miss
389 silly fetch manifest @tootallnate/quickjs-emscripten@^0.23.0
390 silly packumentCache full:https://registry.npmjs.org/@tootallnate%2fquickjs-emscripten cache-miss
391 silly fetch manifest socks@^2.8.3
392 silly packumentCache full:https://registry.npmjs.org/socks cache-miss
393 http fetch GET 200 https://registry.npmjs.org/pac-resolver 19ms (cache miss)
394 silly packumentCache full:https://registry.npmjs.org/pac-resolver set size:undefined disposed:false
395 http fetch GET 200 https://registry.npmjs.org/get-uri 29ms (cache miss)
396 silly packumentCache full:https://registry.npmjs.org/get-uri set size:undefined disposed:false
397 http fetch GET 200 https://registry.npmjs.org/socks 98ms (cache miss)
398 silly packumentCache full:https://registry.npmjs.org/socks set size:undefined disposed:false
399 http fetch GET 200 https://registry.npmjs.org/@tootallnate%2fquickjs-emscripten 198ms (cache miss)
400 silly packumentCache full:https://registry.npmjs.org/@tootallnate%2fquickjs-emscripten set size:undefined disposed:false
401 silly placeDep node_modules/pm2 @tootallnate/quickjs-emscripten@0.23.0 OK for: pac-proxy-agent@7.2.0 want: ^0.23.0
402 silly placeDep node_modules/pm2 get-uri@6.0.5 OK for: pac-proxy-agent@7.2.0 want: ^6.0.1
403 silly placeDep node_modules/pm2 pac-resolver@7.0.1 OK for: pac-proxy-agent@7.2.0 want: ^7.0.1
404 silly fetch manifest basic-ftp@^5.0.2
405 silly packumentCache full:https://registry.npmjs.org/basic-ftp cache-miss
406 silly fetch manifest data-uri-to-buffer@^6.0.2
407 silly packumentCache full:https://registry.npmjs.org/data-uri-to-buffer cache-miss
408 silly fetch manifest netmask@^2.0.2
409 silly packumentCache full:https://registry.npmjs.org/netmask cache-miss
410 silly fetch manifest degenerator@^5.0.0
411 silly packumentCache full:https://registry.npmjs.org/degenerator cache-miss
412 http fetch GET 200 https://registry.npmjs.org/netmask 101ms (cache miss)
413 silly packumentCache full:https://registry.npmjs.org/netmask set size:undefined disposed:false
414 http fetch GET 200 https://registry.npmjs.org/data-uri-to-buffer 101ms (cache miss)
415 silly packumentCache full:https://registry.npmjs.org/data-uri-to-buffer set size:undefined disposed:false
416 http fetch GET 200 https://registry.npmjs.org/degenerator 102ms (cache miss)
417 silly packumentCache full:https://registry.npmjs.org/degenerator set size:undefined disposed:false
418 http fetch GET 200 https://registry.npmjs.org/basic-ftp 105ms (cache miss)
419 silly packumentCache full:https://registry.npmjs.org/basic-ftp set size:undefined disposed:false
420 silly placeDep node_modules/pm2 basic-ftp@5.3.1 OK for: get-uri@6.0.5 want: ^5.0.2
421 silly placeDep node_modules/pm2 data-uri-to-buffer@6.0.2 OK for: get-uri@6.0.5 want: ^6.0.2
422 silly placeDep node_modules/pm2 degenerator@5.0.1 OK for: pac-resolver@7.0.1 want: ^5.0.0
423 silly placeDep node_modules/pm2 netmask@2.1.1 OK for: pac-resolver@7.0.1 want: ^2.0.2
424 silly fetch manifest esprima@^4.0.1
425 silly packumentCache full:https://registry.npmjs.org/esprima cache-miss
426 silly fetch manifest ast-types@^0.13.4
427 silly packumentCache full:https://registry.npmjs.org/ast-types cache-miss
428 silly fetch manifest escodegen@^2.1.0
429 silly packumentCache full:https://registry.npmjs.org/escodegen cache-miss
430 http fetch GET 200 https://registry.npmjs.org/escodegen 94ms (cache miss)
431 silly packumentCache full:https://registry.npmjs.org/escodegen set size:undefined disposed:false
432 http fetch GET 200 https://registry.npmjs.org/esprima 98ms (cache miss)
433 silly packumentCache full:https://registry.npmjs.org/esprima set size:undefined disposed:false
434 http fetch GET 200 https://registry.npmjs.org/ast-types 186ms (cache miss)
435 silly packumentCache full:https://registry.npmjs.org/ast-types set size:undefined disposed:false
436 silly placeDep node_modules/pm2 ast-types@0.13.4 OK for: degenerator@5.0.1 want: ^0.13.4
437 silly placeDep node_modules/pm2 escodegen@2.1.0 OK for: degenerator@5.0.1 want: ^2.1.0
438 silly placeDep node_modules/pm2 esprima@4.0.1 OK for: degenerator@5.0.1 want: ^4.0.1
439 silly fetch manifest tslib@^2.0.1
440 silly packumentCache full:https://registry.npmjs.org/tslib cache-miss
441 silly fetch manifest estraverse@^5.2.0
442 silly packumentCache full:https://registry.npmjs.org/estraverse cache-miss
443 silly fetch manifest esutils@^2.0.2
444 silly packumentCache full:https://registry.npmjs.org/esutils cache-miss
445 silly fetch manifest source-map@~0.6.1
446 silly packumentCache full:https://registry.npmjs.org/source-map cache-miss
447 http fetch GET 200 https://registry.npmjs.org/esutils 95ms (cache miss)
448 silly packumentCache full:https://registry.npmjs.org/esutils set size:undefined disposed:false
449 http fetch GET 200 https://registry.npmjs.org/estraverse 98ms (cache miss)
450 silly packumentCache full:https://registry.npmjs.org/estraverse set size:undefined disposed:false
451 http fetch GET 200 https://registry.npmjs.org/tslib 99ms (cache miss)
452 silly packumentCache full:https://registry.npmjs.org/tslib set size:undefined disposed:false
453 http fetch GET 200 https://registry.npmjs.org/source-map 99ms (cache miss)
454 silly packumentCache full:https://registry.npmjs.org/source-map set size:undefined disposed:false
455 silly placeDep node_modules/pm2 tslib@2.8.1 OK for: ast-types@0.13.4 want: ^2.0.1
456 silly placeDep node_modules/pm2 estraverse@5.3.0 OK for: escodegen@2.1.0 want: ^5.2.0
457 silly placeDep node_modules/pm2 esutils@2.0.3 OK for: escodegen@2.1.0 want: ^2.0.2
458 silly placeDep node_modules/pm2 source-map@0.6.1 OK for: escodegen@2.1.0 want: ~0.6.1
459 silly placeDep node_modules/pm2 socks@2.8.9 OK for: socks-proxy-agent@8.0.5 want: ^2.8.3
460 silly fetch manifest ip-address@^10.1.1
461 silly packumentCache full:https://registry.npmjs.org/ip-address cache-miss
462 silly fetch manifest smart-buffer@^4.2.0
463 silly packumentCache full:https://registry.npmjs.org/smart-buffer cache-miss
464 http fetch GET 200 https://registry.npmjs.org/smart-buffer 185ms (cache miss)
465 silly packumentCache full:https://registry.npmjs.org/smart-buffer set size:undefined disposed:false
466 http fetch GET 200 https://registry.npmjs.org/ip-address 186ms (cache miss)
467 silly packumentCache full:https://registry.npmjs.org/ip-address set size:undefined disposed:false
468 silly placeDep node_modules/pm2 ip-address@10.2.0 OK for: socks@2.8.9 want: ^10.1.1
469 silly placeDep node_modules/pm2 smart-buffer@4.2.0 OK for: socks@2.8.9 want: ^4.2.0
470 silly placeDep node_modules/pm2 has-flag@4.0.0 OK for: supports-color@7.2.0 want: ^4.0.0
471 silly placeDep node_modules/pm2 is-number@7.0.0 OK for: to-regex-range@5.0.1 want: ^7.0.0
472 silly placeDep node_modules/pm2 json-stringify-safe@5.0.1 OK for: tx2@1.0.5 want: ^5.0.1
473 silly placeDep node_modules/pm2/node_modules/vizion async@2.6.4 OK for: vizion@2.2.1 want: ^2.6.3
474 silly placeDep node_modules/pm2 git-node-fs@1.0.0 OK for: vizion@2.2.1 want: ^1.0.0
475 silly placeDep node_modules/pm2 ini@1.3.8 OK for: vizion@2.2.1 want: ^1.3.5
476 silly placeDep node_modules/pm2 js-git@0.7.8 OK for: vizion@2.2.1 want: ^0.7.8
477 silly fetch manifest bodec@^0.1.0
478 silly packumentCache full:https://registry.npmjs.org/bodec cache-miss
479 silly fetch manifest culvert@^0.1.2
480 silly packumentCache full:https://registry.npmjs.org/culvert cache-miss
481 silly fetch manifest git-sha1@^0.1.2
482 silly packumentCache full:https://registry.npmjs.org/git-sha1 cache-miss
483 silly fetch manifest pako@^0.2.5
484 silly packumentCache full:https://registry.npmjs.org/pako cache-miss
485 http fetch GET 200 https://registry.npmjs.org/git-sha1 97ms (cache miss)
486 silly packumentCache full:https://registry.npmjs.org/git-sha1 set size:undefined disposed:false
487 http fetch GET 200 https://registry.npmjs.org/culvert 98ms (cache miss)
488 silly packumentCache full:https://registry.npmjs.org/culvert set size:undefined disposed:false
489 http fetch GET 200 https://registry.npmjs.org/bodec 98ms (cache miss)
490 silly packumentCache full:https://registry.npmjs.org/bodec set size:undefined disposed:false
491 http fetch GET 200 https://registry.npmjs.org/pako 98ms (cache miss)
492 silly packumentCache full:https://registry.npmjs.org/pako set size:undefined disposed:false
493 silly placeDep node_modules/pm2 bodec@0.1.0 OK for: js-git@0.7.8 want: ^0.1.0
494 silly placeDep node_modules/pm2 culvert@0.1.2 OK for: js-git@0.7.8 want: ^0.1.2
495 silly placeDep node_modules/pm2 git-sha1@0.1.2 OK for: js-git@0.7.8 want: ^0.1.2
496 silly placeDep node_modules/pm2 pako@0.2.9 OK for: js-git@0.7.8 want: ^0.2.5
497 silly placeDep node_modules/pm2 lodash@4.18.1 OK for: async@2.6.4 want: ^4.17.14
498 silly reify mark retired [
498 silly reify   '/usr/lib/node_modules/pm2',
498 silly reify   '/usr/bin/pm2',
498 silly reify   '/usr/bin/pm2-dev',
498 silly reify   '/usr/bin/pm2-docker',
498 silly reify   '/usr/bin/pm2-runtime'
498 silly reify ]
499 silly reify moves {
499 silly reify   '/usr/lib/node_modules/pm2': '/usr/lib/node_modules/.pm2-zkn4vkCL',
499 silly reify   '/usr/bin/pm2': '/usr/bin/.pm2-zlom2DsY',
499 silly reify   '/usr/bin/pm2-dev': '/usr/bin/.pm2-dev-SVwaqREy',
499 silly reify   '/usr/bin/pm2-docker': '/usr/bin/.pm2-docker-cisdoyyx',
499 silly reify   '/usr/bin/pm2-runtime': '/usr/bin/.pm2-runtime-4LZbpPot'
499 silly reify }
500 verbose stack Error: EACCES: permission denied, rename '/usr/lib/node_modules/pm2' -> '/usr/lib/node_modules/.pm2-zkn4vkCL'
500 verbose stack     at async Object.rename (node:internal/fs/promises:785:10)
500 verbose stack     at async moveFile (/usr/lib/node_modules/npm/node_modules/@npmcli/fs/lib/move-file.js:30:5)
500 verbose stack     at async Promise.allSettled (index 0)
500 verbose stack     at async #reifyPackages (/usr/lib/node_modules/npm/node_modules/@npmcli/arborist/lib/arborist/reify.js:317:11)
500 verbose stack     at async Arborist.reify (/usr/lib/node_modules/npm/node_modules/@npmcli/arborist/lib/arborist/reify.js:127:5)
500 verbose stack     at async Install.exec (/usr/lib/node_modules/npm/lib/commands/install.js:146:5)
500 verbose stack     at async Npm.exec (/usr/lib/node_modules/npm/lib/npm.js:193:9)
500 verbose stack     at async module.exports (/usr/lib/node_modules/npm/lib/cli/entry.js:67:5)
501 error code EACCES
502 error syscall rename
503 error path /usr/lib/node_modules/pm2
504 error dest /usr/lib/node_modules/.pm2-zkn4vkCL
505 error errno -13
506 error Error: EACCES: permission denied, rename '/usr/lib/node_modules/pm2' -> '/usr/lib/node_modules/.pm2-zkn4vkCL'
506 error     at async Object.rename (node:internal/fs/promises:785:10)
506 error     at async moveFile (/usr/lib/node_modules/npm/node_modules/@npmcli/fs/lib/move-file.js:30:5)
506 error     at async Promise.allSettled (index 0)
506 error     at async #reifyPackages (/usr/lib/node_modules/npm/node_modules/@npmcli/arborist/lib/arborist/reify.js:317:11)
506 error     at async Arborist.reify (/usr/lib/node_modules/npm/node_modules/@npmcli/arborist/lib/arborist/reify.js:127:5)
506 error     at async Install.exec (/usr/lib/node_modules/npm/lib/commands/install.js:146:5)
506 error     at async Npm.exec (/usr/lib/node_modules/npm/lib/npm.js:193:9)
506 error     at async module.exports (/usr/lib/node_modules/npm/lib/cli/entry.js:67:5) {
506 error   errno: -13,
506 error   code: 'EACCES',
506 error   syscall: 'rename',
506 error   path: '/usr/lib/node_modules/pm2',
506 error   dest: '/usr/lib/node_modules/.pm2-zkn4vkCL'
506 error }
507 error
507 error The operation was rejected by your operating system.
507 error It is likely you do not have the permissions to access this file as the current user
507 error
507 error If you believe this might be a permissions issue, please double-check the permissions of the file and its containing directories, or try running the command again as root/Administrator.
508 silly unfinished npm timer reify 1780987257790
509 silly unfinished npm timer reify:retireShallow 1780987262377
510 verbose cwd /home/s2201403
511 verbose os Linux 6.17.0-29-generic
512 verbose node v24.15.0
513 verbose npm  v11.12.1
514 notice
514 notice New [33mminor[39m version of npm available! [33m11.12.1[39m -> [34m11.16.0[39m
514 notice Changelog: [34mhttps://github.com/npm/cli/releases/tag/v11.16.0[39m
514 notice To update run: [4mnpm install -g npm@11.16.0[24m
514 notice  { force: true, Symbol(proc-log.meta): true }
515 verbose exit -13
516 verbose code -13
517 error A complete log of this run can be found in: /home/s2201403/.npm/_logs/2026-06-09T06_40_57_272Z-debug-0.log
